2026-07-19 03:14:57 | INFO | src.jobs_xlsx.behavior.get_behavior_index | Excel wide value loader started | config_path=config/behavior_jobs.yaml
2026-07-19 03:14:57 | INFO | src.jobs_xlsx.behavior.get_behavior_index | Loading Excel sheet | file=/Users/tommy/Desktop/Pycharm/FinancialData/data_lake/behavior/AAII Sentiment.xlsx | sheet=AAII | exchange=AAII | country=United States
2026-07-19 03:14:57 | INFO | src.jobs_xlsx.behavior.get_behavior_index | Excel sheet loaded | file=/Users/tommy/Desktop/Pycharm/FinancialData/data_lake/behavior/AAII Sentiment.xlsx | sheet=AAII | rows=2033 | columns=7
2026-07-19 03:14:57 | INFO | src.jobs_xlsx.behavior.get_behavior_index | Loading Excel sheet | file=/Users/tommy/Desktop/Pycharm/FinancialData/data_lake/behavior/AAII Sentiment.xlsx | sheet=Asset Allocation | exchange=AAII | country=United States
2026-07-19 03:14:57 | INFO | src.jobs_xlsx.behavior.get_behavior_index | Excel sheet loaded | file=/Users/tommy/Desktop/Pycharm/FinancialData/data_lake/behavior/AAII Sentiment.xlsx | sheet=Asset Allocation | rows=464 | columns=11
2026-07-19 03:14:57 | INFO | src.jobs_xlsx.behavior.get_behavior_index | Loading Excel sheet | file=/Users/tommy/Desktop/Pycharm/FinancialData/data_lake/behavior/CNN Fear and Greed Index.xlsx | sheet=CNNFNGI | exchange=CNN | country=United States
2026-07-19 03:14:57 | INFO | src.jobs_xlsx.behavior.get_behavior_index | Excel sheet loaded | file=/Users/tommy/Desktop/Pycharm/FinancialData/data_lake/behavior/CNN Fear and Greed Index.xlsx | sheet=CNNFNGI | rows=3986 | columns=5
2026-07-19 03:14:57 | INFO | src.jobs_xlsx.behavior.get_behavior_index | Loading Excel sheet | file=/Users/tommy/Desktop/Pycharm/FinancialData/data_lake/behavior/FINRA Margin.xlsx | sheet=MARGBLNC | exchange=FINRA | country=United States
2026-07-19 03:14:57 | INFO | src.jobs_xlsx.behavior.get_behavior_index | Excel sheet loaded | file=/Users/tommy/Desktop/Pycharm/FinancialData/data_lake/behavior/FINRA Margin.xlsx | sheet=MARGBLNC | rows=353 | columns=7
2026-07-19 03:14:57 | INFO | src.jobs_xlsx.behavior.get_behavior_index | Loading Excel sheet | file=/Users/tommy/Desktop/Pycharm/FinancialData/data_lake/behavior/NAAIM Exposure Index.xlsx | sheet=NAAIM | exchange=NAAIM | country=United States
2026-07-19 03:14:57 | INFO | src.jobs_xlsx.behavior.get_behavior_index | Excel sheet loaded | file=/Users/tommy/Desktop/Pycharm/FinancialData/data_lake/behavior/NAAIM Exposure Index.xlsx | sheet=NAAIM | rows=1047 | columns=12
2026-07-19 03:29:30 | INFO | src.jobs_xlsx.behavior.get_behavior_index | Excel wide value loader started | config_path=config/behavior_jobs.yaml
2026-07-19 03:29:30 | INFO | src.jobs_xlsx.behavior.get_behavior_index | Loading Excel sheet | file=/Users/tommy/Desktop/Pycharm/FinancialData/data_lake/behavior/AAII Sentiment.xlsx | sheet=AAII | exchange=AAII | country=United States
2026-07-19 03:29:30 | INFO | src.jobs_xlsx.behavior.get_behavior_index | Excel sheet loaded | file=/Users/tommy/Desktop/Pycharm/FinancialData/data_lake/behavior/AAII Sentiment.xlsx | sheet=AAII | rows=2033 | columns=7
2026-07-19 03:29:30 | INFO | src.jobs_xlsx.behavior.get_behavior_index | Loading Excel sheet | file=/Users/tommy/Desktop/Pycharm/FinancialData/data_lake/behavior/AAII Sentiment.xlsx | sheet=Asset Allocation | exchange=AAII | country=United States
2026-07-19 03:29:30 | INFO | src.jobs_xlsx.behavior.get_behavior_index | Excel sheet loaded | file=/Users/tommy/Desktop/Pycharm/FinancialData/data_lake/behavior/AAII Sentiment.xlsx | sheet=Asset Allocation | rows=464 | columns=11
2026-07-19 03:29:30 | INFO | src.jobs_xlsx.behavior.get_behavior_index | Loading Excel sheet | file=/Users/tommy/Desktop/Pycharm/FinancialData/data_lake/behavior/CNN Fear and Greed Index.xlsx | sheet=CNNFNGI | exchange=CNN | country=United States
2026-07-19 03:29:30 | INFO | src.jobs_xlsx.behavior.get_behavior_index | Excel sheet loaded | file=/Users/tommy/Desktop/Pycharm/FinancialData/data_lake/behavior/CNN Fear and Greed Index.xlsx | sheet=CNNFNGI | rows=3986 | columns=5
2026-07-19 03:29:30 | INFO | src.jobs_xlsx.behavior.get_behavior_index | Loading Excel sheet | file=/Users/tommy/Desktop/Pycharm/FinancialData/data_lake/behavior/FINRA Margin.xlsx | sheet=MARGBLNC | exchange=FINRA | country=United States
2026-07-19 03:29:30 | INFO | src.jobs_xlsx.behavior.get_behavior_index | Excel sheet loaded | file=/Users/tommy/Desktop/Pycharm/FinancialData/data_lake/behavior/FINRA Margin.xlsx | sheet=MARGBLNC | rows=353 | columns=7
2026-07-19 03:29:30 | INFO | src.jobs_xlsx.behavior.get_behavior_index | Loading Excel sheet | file=/Users/tommy/Desktop/Pycharm/FinancialData/data_lake/behavior/NAAIM Exposure Index.xlsx | sheet=NAAIM | exchange=NAAIM | country=United States
2026-07-19 03:29:30 | INFO | src.jobs_xlsx.behavior.get_behavior_index | Excel sheet loaded | file=/Users/tommy/Desktop/Pycharm/FinancialData/data_lake/behavior/NAAIM Exposure Index.xlsx | sheet=NAAIM | rows=1047 | columns=12
2026-07-19 03:33:27 | INFO | src.jobs_xlsx.behavior.get_behavior_index | Excel wide value loader started | config_path=config/behavior_jobs.yaml
2026-07-19 03:33:27 | INFO | src.jobs_xlsx.behavior.get_behavior_index | Loading Excel sheet | file=/Users/tommy/Desktop/Pycharm/FinancialData/data_lake/behavior/AAII Sentiment.xlsx | sheet=AAII | exchange=AAII | country=United States
2026-07-19 03:33:27 | INFO | src.jobs_xlsx.behavior.get_behavior_index | Excel sheet loaded | file=/Users/tommy/Desktop/Pycharm/FinancialData/data_lake/behavior/AAII Sentiment.xlsx | sheet=AAII | rows=2033 | columns=7
2026-07-19 03:33:27 | INFO | src.jobs_xlsx.behavior.get_behavior_index | Loading Excel sheet | file=/Users/tommy/Desktop/Pycharm/FinancialData/data_lake/behavior/AAII Sentiment.xlsx | sheet=Asset Allocation | exchange=AAII | country=United States
2026-07-19 03:33:27 | INFO | src.jobs_xlsx.behavior.get_behavior_index | Excel sheet loaded | file=/Users/tommy/Desktop/Pycharm/FinancialData/data_lake/behavior/AAII Sentiment.xlsx | sheet=Asset Allocation | rows=464 | columns=11
2026-07-19 03:33:27 | INFO | src.jobs_xlsx.behavior.get_behavior_index | Loading Excel sheet | file=/Users/tommy/Desktop/Pycharm/FinancialData/data_lake/behavior/CNN Fear and Greed Index.xlsx | sheet=CNNFNGI | exchange=CNN | country=United States
2026-07-19 03:33:27 | INFO | src.jobs_xlsx.behavior.get_behavior_index | Excel sheet loaded | file=/Users/tommy/Desktop/Pycharm/FinancialData/data_lake/behavior/CNN Fear and Greed Index.xlsx | sheet=CNNFNGI | rows=3986 | columns=5
2026-07-19 03:33:27 | INFO | src.jobs_xlsx.behavior.get_behavior_index | Loading Excel sheet | file=/Users/tommy/Desktop/Pycharm/FinancialData/data_lake/behavior/FINRA Margin.xlsx | sheet=MARGBLNC | exchange=FINRA | country=United States
2026-07-19 03:33:27 | INFO | src.jobs_xlsx.behavior.get_behavior_index | Excel sheet loaded | file=/Users/tommy/Desktop/Pycharm/FinancialData/data_lake/behavior/FINRA Margin.xlsx | sheet=MARGBLNC | rows=353 | columns=7
2026-07-19 03:33:27 | INFO | src.jobs_xlsx.behavior.get_behavior_index | Loading Excel sheet | file=/Users/tommy/Desktop/Pycharm/FinancialData/data_lake/behavior/NAAIM Exposure Index.xlsx | sheet=NAAIM | exchange=NAAIM | country=United States
2026-07-19 03:33:27 | INFO | src.jobs_xlsx.behavior.get_behavior_index | Excel sheet loaded | file=/Users/tommy/Desktop/Pycharm/FinancialData/data_lake/behavior/NAAIM Exposure Index.xlsx | sheet=NAAIM | rows=1047 | columns=12
2026-07-19 03:33:39 | INFO | src.jobs_xlsx.behavior.get_behavior_index | Excel wide value loader started | config_path=config/behavior_jobs.yaml
2026-07-19 03:33:39 | INFO | src.jobs_xlsx.behavior.get_behavior_index | Loading Excel sheet | file=/Users/tommy/Desktop/Pycharm/FinancialData/data_lake/behavior/AAII Sentiment.xlsx | sheet=AAII | exchange=AAII | country=United States
2026-07-19 03:33:40 | INFO | src.jobs_xlsx.behavior.get_behavior_index | Excel sheet loaded | file=/Users/tommy/Desktop/Pycharm/FinancialData/data_lake/behavior/AAII Sentiment.xlsx | sheet=AAII | rows=2033 | columns=7
2026-07-19 03:33:40 | INFO | src.jobs_xlsx.behavior.get_behavior_index | Loading Excel sheet | file=/Users/tommy/Desktop/Pycharm/FinancialData/data_lake/behavior/AAII Sentiment.xlsx | sheet=Asset Allocation | exchange=AAII | country=United States
2026-07-19 03:33:40 | INFO | src.jobs_xlsx.behavior.get_behavior_index | Excel sheet loaded | file=/Users/tommy/Desktop/Pycharm/FinancialData/data_lake/behavior/AAII Sentiment.xlsx | sheet=Asset Allocation | rows=464 | columns=11
2026-07-19 03:33:40 | INFO | src.jobs_xlsx.behavior.get_behavior_index | Loading Excel sheet | file=/Users/tommy/Desktop/Pycharm/FinancialData/data_lake/behavior/CNN Fear and Greed Index.xlsx | sheet=CNNFNGI | exchange=CNN | country=United States
2026-07-19 03:33:40 | INFO | src.jobs_xlsx.behavior.get_behavior_index | Excel sheet loaded | file=/Users/tommy/Desktop/Pycharm/FinancialData/data_lake/behavior/CNN Fear and Greed Index.xlsx | sheet=CNNFNGI | rows=3986 | columns=5
2026-07-19 03:33:40 | INFO | src.jobs_xlsx.behavior.get_behavior_index | Loading Excel sheet | file=/Users/tommy/Desktop/Pycharm/FinancialData/data_lake/behavior/FINRA Margin.xlsx | sheet=MARGBLNC | exchange=FINRA | country=United States
2026-07-19 03:33:40 | INFO | src.jobs_xlsx.behavior.get_behavior_index | Excel sheet loaded | file=/Users/tommy/Desktop/Pycharm/FinancialData/data_lake/behavior/FINRA Margin.xlsx | sheet=MARGBLNC | rows=353 | columns=7
2026-07-19 03:33:40 | INFO | src.jobs_xlsx.behavior.get_behavior_index | Loading Excel sheet | file=/Users/tommy/Desktop/Pycharm/FinancialData/data_lake/behavior/NAAIM Exposure Index.xlsx | sheet=NAAIM | exchange=NAAIM | country=United States
2026-07-19 03:33:40 | INFO | src.jobs_xlsx.behavior.get_behavior_index | Excel sheet loaded | file=/Users/tommy/Desktop/Pycharm/FinancialData/data_lake/behavior/NAAIM Exposure Index.xlsx | sheet=NAAIM | rows=1047 | columns=12
2026-07-19 03:34:07 | INFO | src.jobs_xlsx.behavior.get_behavior_index | Excel wide value loader started | config_path=config/behavior_jobs.yaml
2026-07-19 03:34:07 | INFO | src.jobs_xlsx.behavior.get_behavior_index | Loading Excel sheet | file=/Users/tommy/Desktop/Pycharm/FinancialData/data_lake/behavior/AAII Sentiment.xlsx | sheet=AAII | exchange=AAII | country=United States
2026-07-19 03:34:07 | INFO | src.jobs_xlsx.behavior.get_behavior_index | Excel sheet loaded | file=/Users/tommy/Desktop/Pycharm/FinancialData/data_lake/behavior/AAII Sentiment.xlsx | sheet=AAII | rows=2033 | columns=7
2026-07-19 03:34:07 | INFO | src.jobs_xlsx.behavior.get_behavior_index | Loading Excel sheet | file=/Users/tommy/Desktop/Pycharm/FinancialData/data_lake/behavior/AAII Sentiment.xlsx | sheet=Asset Allocation | exchange=AAII | country=United States
2026-07-19 03:34:07 | INFO | src.jobs_xlsx.behavior.get_behavior_index | Excel sheet loaded | file=/Users/tommy/Desktop/Pycharm/FinancialData/data_lake/behavior/AAII Sentiment.xlsx | sheet=Asset Allocation | rows=464 | columns=11
2026-07-19 03:34:07 | INFO | src.jobs_xlsx.behavior.get_behavior_index | Loading Excel sheet | file=/Users/tommy/Desktop/Pycharm/FinancialData/data_lake/behavior/CNN Fear and Greed Index.xlsx | sheet=CNNFNGI | exchange=CNN | country=United States
2026-07-19 03:34:07 | INFO | src.jobs_xlsx.behavior.get_behavior_index | Excel sheet loaded | file=/Users/tommy/Desktop/Pycharm/FinancialData/data_lake/behavior/CNN Fear and Greed Index.xlsx | sheet=CNNFNGI | rows=3986 | columns=5
2026-07-19 03:34:07 | INFO | src.jobs_xlsx.behavior.get_behavior_index | Loading Excel sheet | file=/Users/tommy/Desktop/Pycharm/FinancialData/data_lake/behavior/FINRA Margin.xlsx | sheet=MARGBLNC | exchange=FINRA | country=United States
2026-07-19 03:34:07 | INFO | src.jobs_xlsx.behavior.get_behavior_index | Excel sheet loaded | file=/Users/tommy/Desktop/Pycharm/FinancialData/data_lake/behavior/FINRA Margin.xlsx | sheet=MARGBLNC | rows=353 | columns=7
2026-07-19 03:34:07 | INFO | src.jobs_xlsx.behavior.get_behavior_index | Loading Excel sheet | file=/Users/tommy/Desktop/Pycharm/FinancialData/data_lake/behavior/NAAIM Exposure Index.xlsx | sheet=NAAIM | exchange=NAAIM | country=United States
2026-07-19 03:34:07 | INFO | src.jobs_xlsx.behavior.get_behavior_index | Excel sheet loaded | file=/Users/tommy/Desktop/Pycharm/FinancialData/data_lake/behavior/NAAIM Exposure Index.xlsx | sheet=NAAIM | rows=1047 | columns=12
2026-07-19 03:36:17 | INFO | src.jobs_xlsx.behavior.get_behavior_index | Excel wide value loader started | config_path=config/behavior_jobs.yaml
2026-07-19 03:36:17 | INFO | src.jobs_xlsx.behavior.get_behavior_index | Loading Excel sheet | file=/Users/tommy/Desktop/Pycharm/FinancialData/data_lake/behavior/AAII Sentiment.xlsx | sheet=AAII | exchange=AAII | country=United States
2026-07-19 03:36:17 | INFO | src.jobs_xlsx.behavior.get_behavior_index | Excel sheet loaded | file=/Users/tommy/Desktop/Pycharm/FinancialData/data_lake/behavior/AAII Sentiment.xlsx | sheet=AAII | rows=2033 | columns=7
2026-07-19 03:36:17 | INFO | src.jobs_xlsx.behavior.get_behavior_index | Loading Excel sheet | file=/Users/tommy/Desktop/Pycharm/FinancialData/data_lake/behavior/AAII Sentiment.xlsx | sheet=Asset Allocation | exchange=AAII | country=United States
2026-07-19 03:36:17 | INFO | src.jobs_xlsx.behavior.get_behavior_index | Excel sheet loaded | file=/Users/tommy/Desktop/Pycharm/FinancialData/data_lake/behavior/AAII Sentiment.xlsx | sheet=Asset Allocation | rows=464 | columns=11
2026-07-19 03:36:17 | INFO | src.jobs_xlsx.behavior.get_behavior_index | Loading Excel sheet | file=/Users/tommy/Desktop/Pycharm/FinancialData/data_lake/behavior/CNN Fear and Greed Index.xlsx | sheet=CNNFNGI | exchange=CNN | country=United States
2026-07-19 03:36:17 | INFO | src.jobs_xlsx.behavior.get_behavior_index | Excel sheet loaded | file=/Users/tommy/Desktop/Pycharm/FinancialData/data_lake/behavior/CNN Fear and Greed Index.xlsx | sheet=CNNFNGI | rows=3986 | columns=5
2026-07-19 03:36:17 | INFO | src.jobs_xlsx.behavior.get_behavior_index | Loading Excel sheet | file=/Users/tommy/Desktop/Pycharm/FinancialData/data_lake/behavior/FINRA Margin.xlsx | sheet=MARGBLNC | exchange=FINRA | country=United States
2026-07-19 03:36:17 | INFO | src.jobs_xlsx.behavior.get_behavior_index | Excel sheet loaded | file=/Users/tommy/Desktop/Pycharm/FinancialData/data_lake/behavior/FINRA Margin.xlsx | sheet=MARGBLNC | rows=353 | columns=7
2026-07-19 03:36:17 | INFO | src.jobs_xlsx.behavior.get_behavior_index | Loading Excel sheet | file=/Users/tommy/Desktop/Pycharm/FinancialData/data_lake/behavior/NAAIM Exposure Index.xlsx | sheet=NAAIM | exchange=NAAIM | country=United States
2026-07-19 03:36:17 | INFO | src.jobs_xlsx.behavior.get_behavior_index | Excel sheet loaded | file=/Users/tommy/Desktop/Pycharm/FinancialData/data_lake/behavior/NAAIM Exposure Index.xlsx | sheet=NAAIM | rows=1045 | columns=12
2026-07-19 03:36:17 | INFO | src.jobs_xlsx.behavior.get_behavior_index | Parquet saved | output_path=/Users/tommy/Desktop/Pycharm/FinancialData/data_warehouse/raw/behavior/behavior_index.parquet | rows=22591 | symbols=22
2026-07-22 10:43:34 | INFO | src.jobs_xlsx.behavior.get_behavior_index | Excel wide value loader started | config_path=config/behavior_jobs.yaml
2026-07-22 10:43:34 | INFO | src.jobs_xlsx.behavior.get_behavior_index | Loading Excel sheet | file=C:\Users\krm\PycharmProjects\AlternativeData\data_lake\behavior\AAII Sentiment.xlsx | sheet=AAII | exchange=AAII | country=United States
2026-07-22 10:43:34 | INFO | src.jobs_xlsx.behavior.get_behavior_index | Excel sheet loaded | file=C:\Users\krm\PycharmProjects\AlternativeData\data_lake\behavior\AAII Sentiment.xlsx | sheet=AAII | rows=2033 | columns=7
2026-07-22 10:43:34 | INFO | src.jobs_xlsx.behavior.get_behavior_index | Loading Excel sheet | file=C:\Users\krm\PycharmProjects\AlternativeData\data_lake\behavior\AAII Sentiment.xlsx | sheet=Asset Allocation | exchange=AAII | country=United States
2026-07-22 10:43:34 | INFO | src.jobs_xlsx.behavior.get_behavior_index | Excel sheet loaded | file=C:\Users\krm\PycharmProjects\AlternativeData\data_lake\behavior\AAII Sentiment.xlsx | sheet=Asset Allocation | rows=464 | columns=11
2026-07-22 10:43:34 | INFO | src.jobs_xlsx.behavior.get_behavior_index | Loading Excel sheet | file=C:\Users\krm\PycharmProjects\AlternativeData\data_lake\behavior\CNN Fear and Greed Index.xlsx | sheet=CNNFNGI | exchange=CNN | country=United States
2026-07-22 10:43:35 | INFO | src.jobs_xlsx.behavior.get_behavior_index | Excel sheet loaded | file=C:\Users\krm\PycharmProjects\AlternativeData\data_lake\behavior\CNN Fear and Greed Index.xlsx | sheet=CNNFNGI | rows=3988 | columns=5
2026-07-22 10:43:35 | INFO | src.jobs_xlsx.behavior.get_behavior_index | Loading Excel sheet | file=C:\Users\krm\PycharmProjects\AlternativeData\data_lake\behavior\FINRA Margin.xlsx | sheet=MARGBLNC | exchange=FINRA | country=United States
2026-07-22 10:43:35 | INFO | src.jobs_xlsx.behavior.get_behavior_index | Excel sheet loaded | file=C:\Users\krm\PycharmProjects\AlternativeData\data_lake\behavior\FINRA Margin.xlsx | sheet=MARGBLNC | rows=353 | columns=7
2026-07-22 10:43:35 | INFO | src.jobs_xlsx.behavior.get_behavior_index | Loading Excel sheet | file=C:\Users\krm\PycharmProjects\AlternativeData\data_lake\behavior\NAAIM Exposure Index.xlsx | sheet=NAAIM | exchange=NAAIM | country=United States
2026-07-22 10:43:35 | INFO | src.jobs_xlsx.behavior.get_behavior_index | Excel sheet loaded | file=C:\Users\krm\PycharmProjects\AlternativeData\data_lake\behavior\NAAIM Exposure Index.xlsx | sheet=NAAIM | rows=1045 | columns=12
2026-07-22 10:43:35 | INFO | src.jobs_xlsx.behavior.get_behavior_index | Parquet saved | output_path=C:\Users\krm\PycharmProjects\AlternativeData\data_warehouse\raw\behavior\behavior_index.parquet | rows=22593 | symbols=22
2026-07-22 10:48:48 | INFO | src.jobs_xlsx.behavior.get_behavior_index | Excel wide value loader started | config_path=config/behavior_jobs.yaml
2026-07-22 10:48:48 | INFO | src.jobs_xlsx.behavior.get_behavior_index | Loading Excel sheet | file=C:\Users\krm\PycharmProjects\AlternativeData\data_lake\behavior\AAII Sentiment.xlsx | sheet=AAII | exchange=AAII | country=United States
2026-07-22 10:48:49 | INFO | src.jobs_xlsx.behavior.get_behavior_index | Excel sheet loaded | file=C:\Users\krm\PycharmProjects\AlternativeData\data_lake\behavior\AAII Sentiment.xlsx | sheet=AAII | rows=2033 | columns=7
2026-07-22 10:48:49 | INFO | src.jobs_xlsx.behavior.get_behavior_index | Loading Excel sheet | file=C:\Users\krm\PycharmProjects\AlternativeData\data_lake\behavior\AAII Sentiment.xlsx | sheet=Asset Allocation | exchange=AAII | country=United States
2026-07-22 10:48:49 | INFO | src.jobs_xlsx.behavior.get_behavior_index | Excel sheet loaded | file=C:\Users\krm\PycharmProjects\AlternativeData\data_lake\behavior\AAII Sentiment.xlsx | sheet=Asset Allocation | rows=464 | columns=11
2026-07-22 10:48:49 | INFO | src.jobs_xlsx.behavior.get_behavior_index | Loading Excel sheet | file=C:\Users\krm\PycharmProjects\AlternativeData\data_lake\behavior\CNN Fear and Greed Index.xlsx | sheet=CNNFNGI | exchange=CNN | country=United States
2026-07-22 10:48:49 | INFO | src.jobs_xlsx.behavior.get_behavior_index | Excel sheet loaded | file=C:\Users\krm\PycharmProjects\AlternativeData\data_lake\behavior\CNN Fear and Greed Index.xlsx | sheet=CNNFNGI | rows=3988 | columns=5
2026-07-22 10:48:49 | INFO | src.jobs_xlsx.behavior.get_behavior_index | Loading Excel sheet | file=C:\Users\krm\PycharmProjects\AlternativeData\data_lake\behavior\FINRA Margin.xlsx | sheet=MARGBLNC | exchange=FINRA | country=United States
2026-07-22 10:48:49 | INFO | src.jobs_xlsx.behavior.get_behavior_index | Excel sheet loaded | file=C:\Users\krm\PycharmProjects\AlternativeData\data_lake\behavior\FINRA Margin.xlsx | sheet=MARGBLNC | rows=353 | columns=7
2026-07-22 10:48:49 | INFO | src.jobs_xlsx.behavior.get_behavior_index | Loading Excel sheet | file=C:\Users\krm\PycharmProjects\AlternativeData\data_lake\behavior\NAAIM Exposure Index.xlsx | sheet=NAAIM | exchange=NAAIM | country=United States
2026-07-22 10:48:49 | INFO | src.jobs_xlsx.behavior.get_behavior_index | Excel sheet loaded | file=C:\Users\krm\PycharmProjects\AlternativeData\data_lake\behavior\NAAIM Exposure Index.xlsx | sheet=NAAIM | rows=1045 | columns=12
2026-07-22 10:48:49 | INFO | src.jobs_xlsx.behavior.get_behavior_index | Parquet saved | output_path=C:\Users\krm\PycharmProjects\AlternativeData\data_warehouse\raw\behavior\behavior_index.parquet | rows=22593 | symbols=22
2026-07-23 01:47:45 | INFO | src.jobs_xlsx.behavior.get_behavior_index | Excel wide value loader started | config_path=config/behavior_jobs.yaml
2026-07-23 01:47:45 | INFO | src.jobs_xlsx.behavior.get_behavior_index | Loading Excel sheet | file=/Users/tommy/Desktop/Pycharm/FinancialData/data_lake/behavior/AAII Sentiment.xlsx | sheet=AAII | exchange=AAII | country=United States
2026-07-23 01:47:45 | INFO | src.jobs_xlsx.behavior.get_behavior_index | Excel sheet loaded | file=/Users/tommy/Desktop/Pycharm/FinancialData/data_lake/behavior/AAII Sentiment.xlsx | sheet=AAII | rows=2033 | columns=7
2026-07-23 01:47:45 | INFO | src.jobs_xlsx.behavior.get_behavior_index | Loading Excel sheet | file=/Users/tommy/Desktop/Pycharm/FinancialData/data_lake/behavior/AAII Sentiment.xlsx | sheet=Asset Allocation | exchange=AAII | country=United States
2026-07-23 01:47:45 | INFO | src.jobs_xlsx.behavior.get_behavior_index | Excel sheet loaded | file=/Users/tommy/Desktop/Pycharm/FinancialData/data_lake/behavior/AAII Sentiment.xlsx | sheet=Asset Allocation | rows=464 | columns=11
2026-07-23 01:47:45 | INFO | src.jobs_xlsx.behavior.get_behavior_index | Loading Excel sheet | file=/Users/tommy/Desktop/Pycharm/FinancialData/data_lake/behavior/CNN Fear and Greed Index.xlsx | sheet=CNNFNGI | exchange=CNN | country=United States
2026-07-23 01:47:45 | INFO | src.jobs_xlsx.behavior.get_behavior_index | Excel sheet loaded | file=/Users/tommy/Desktop/Pycharm/FinancialData/data_lake/behavior/CNN Fear and Greed Index.xlsx | sheet=CNNFNGI | rows=3988 | columns=5
2026-07-23 01:47:45 | INFO | src.jobs_xlsx.behavior.get_behavior_index | Loading Excel sheet | file=/Users/tommy/Desktop/Pycharm/FinancialData/data_lake/behavior/FINRA Margin.xlsx | sheet=MARGBLNC | exchange=FINRA | country=United States
2026-07-23 01:47:45 | INFO | src.jobs_xlsx.behavior.get_behavior_index | Excel sheet loaded | file=/Users/tommy/Desktop/Pycharm/FinancialData/data_lake/behavior/FINRA Margin.xlsx | sheet=MARGBLNC | rows=353 | columns=7
2026-07-23 01:47:45 | INFO | src.jobs_xlsx.behavior.get_behavior_index | Loading Excel sheet | file=/Users/tommy/Desktop/Pycharm/FinancialData/data_lake/behavior/NAAIM Exposure Index.xlsx | sheet=NAAIM | exchange=NAAIM | country=United States
2026-07-23 01:47:45 | INFO | src.jobs_xlsx.behavior.get_behavior_index | Excel sheet loaded | file=/Users/tommy/Desktop/Pycharm/FinancialData/data_lake/behavior/NAAIM Exposure Index.xlsx | sheet=NAAIM | rows=1045 | columns=12
2026-07-23 01:47:45 | INFO | src.jobs_xlsx.behavior.get_behavior_index | Parquet saved | output_path=/Users/tommy/Desktop/Pycharm/FinancialData/data_warehouse/raw/behavior/behavior_index.parquet | rows=22593 | symbols=22
2026-07-23 15:06:17 | INFO | src.jobs_xlsx.behavior.get_behavior_index | Excel wide value loader started | config_path=config/behavior_jobs.yaml
2026-07-23 15:06:17 | INFO | src.jobs_xlsx.behavior.get_behavior_index | Loading Excel sheet | file=C:\Users\krm\PycharmProjects\AlternativeData\data_lake\behavior\AAII Sentiment.xlsx | sheet=AAII | exchange=AAII | country=United States
2026-07-23 15:06:17 | INFO | src.jobs_xlsx.behavior.get_behavior_index | Excel sheet loaded | file=C:\Users\krm\PycharmProjects\AlternativeData\data_lake\behavior\AAII Sentiment.xlsx | sheet=AAII | rows=2033 | columns=7
2026-07-23 15:06:17 | INFO | src.jobs_xlsx.behavior.get_behavior_index | Loading Excel sheet | file=C:\Users\krm\PycharmProjects\AlternativeData\data_lake\behavior\AAII Sentiment.xlsx | sheet=Asset Allocation | exchange=AAII | country=United States
2026-07-23 15:06:17 | INFO | src.jobs_xlsx.behavior.get_behavior_index | Excel sheet loaded | file=C:\Users\krm\PycharmProjects\AlternativeData\data_lake\behavior\AAII Sentiment.xlsx | sheet=Asset Allocation | rows=464 | columns=11
2026-07-23 15:06:17 | INFO | src.jobs_xlsx.behavior.get_behavior_index | Loading Excel sheet | file=C:\Users\krm\PycharmProjects\AlternativeData\data_lake\behavior\CNN Fear and Greed Index.xlsx | sheet=CNNFNGI | exchange=CNN | country=United States
2026-07-23 15:06:17 | INFO | src.jobs_xlsx.behavior.get_behavior_index | Excel sheet loaded | file=C:\Users\krm\PycharmProjects\AlternativeData\data_lake\behavior\CNN Fear and Greed Index.xlsx | sheet=CNNFNGI | rows=3989 | columns=5
2026-07-23 15:06:17 | INFO | src.jobs_xlsx.behavior.get_behavior_index | Loading Excel sheet | file=C:\Users\krm\PycharmProjects\AlternativeData\data_lake\behavior\FINRA Margin.xlsx | sheet=MARGBLNC | exchange=FINRA | country=United States
2026-07-23 15:06:17 | INFO | src.jobs_xlsx.behavior.get_behavior_index | Excel sheet loaded | file=C:\Users\krm\PycharmProjects\AlternativeData\data_lake\behavior\FINRA Margin.xlsx | sheet=MARGBLNC | rows=353 | columns=7
2026-07-23 15:06:17 | INFO | src.jobs_xlsx.behavior.get_behavior_index | Loading Excel sheet | file=C:\Users\krm\PycharmProjects\AlternativeData\data_lake\behavior\NAAIM Exposure Index.xlsx | sheet=NAAIM | exchange=NAAIM | country=United States
2026-07-23 15:06:17 | INFO | src.jobs_xlsx.behavior.get_behavior_index | Excel sheet loaded | file=C:\Users\krm\PycharmProjects\AlternativeData\data_lake\behavior\NAAIM Exposure Index.xlsx | sheet=NAAIM | rows=1045 | columns=12
2026-07-23 15:06:17 | INFO | src.jobs_xlsx.behavior.get_behavior_index | Parquet saved | output_path=C:\Users\krm\PycharmProjects\AlternativeData\data_warehouse\raw\behavior\behavior_index.parquet | rows=22594 | symbols=22
2026-07-24 09:14:43 | INFO | src.jobs_xlsx.behavior.get_behavior_index | Excel wide value loader started | config_path=config/behavior_jobs.yaml
2026-07-24 09:14:43 | INFO | src.jobs_xlsx.behavior.get_behavior_index | Loading Excel sheet | file=C:\Users\krm\PycharmProjects\AlternativeData\data_lake\behavior\AAII Sentiment.xlsx | sheet=AAII | exchange=AAII | country=United States
2026-07-24 09:14:43 | INFO | src.jobs_xlsx.behavior.get_behavior_index | Excel sheet loaded | file=C:\Users\krm\PycharmProjects\AlternativeData\data_lake\behavior\AAII Sentiment.xlsx | sheet=AAII | rows=2033 | columns=7
2026-07-24 09:14:43 | INFO | src.jobs_xlsx.behavior.get_behavior_index | Loading Excel sheet | file=C:\Users\krm\PycharmProjects\AlternativeData\data_lake\behavior\AAII Sentiment.xlsx | sheet=Asset Allocation | exchange=AAII | country=United States
2026-07-24 09:14:43 | INFO | src.jobs_xlsx.behavior.get_behavior_index | Excel sheet loaded | file=C:\Users\krm\PycharmProjects\AlternativeData\data_lake\behavior\AAII Sentiment.xlsx | sheet=Asset Allocation | rows=464 | columns=11
2026-07-24 09:14:43 | INFO | src.jobs_xlsx.behavior.get_behavior_index | Loading Excel sheet | file=C:\Users\krm\PycharmProjects\AlternativeData\data_lake\behavior\CNN Fear and Greed Index.xlsx | sheet=CNNFNGI | exchange=CNN | country=United States
2026-07-24 09:14:43 | INFO | src.jobs_xlsx.behavior.get_behavior_index | Excel sheet loaded | file=C:\Users\krm\PycharmProjects\AlternativeData\data_lake\behavior\CNN Fear and Greed Index.xlsx | sheet=CNNFNGI | rows=3989 | columns=5
2026-07-24 09:14:43 | INFO | src.jobs_xlsx.behavior.get_behavior_index | Loading Excel sheet | file=C:\Users\krm\PycharmProjects\AlternativeData\data_lake\behavior\FINRA Margin.xlsx | sheet=MARGBLNC | exchange=FINRA | country=United States
2026-07-24 09:14:43 | INFO | src.jobs_xlsx.behavior.get_behavior_index | Excel sheet loaded | file=C:\Users\krm\PycharmProjects\AlternativeData\data_lake\behavior\FINRA Margin.xlsx | sheet=MARGBLNC | rows=353 | columns=7
2026-07-24 09:14:43 | INFO | src.jobs_xlsx.behavior.get_behavior_index | Loading Excel sheet | file=C:\Users\krm\PycharmProjects\AlternativeData\data_lake\behavior\NAAIM Exposure Index.xlsx | sheet=NAAIM | exchange=NAAIM | country=United States
2026-07-24 09:14:43 | INFO | src.jobs_xlsx.behavior.get_behavior_index | Excel sheet loaded | file=C:\Users\krm\PycharmProjects\AlternativeData\data_lake\behavior\NAAIM Exposure Index.xlsx | sheet=NAAIM | rows=1045 | columns=12
2026-07-24 09:14:43 | INFO | src.jobs_xlsx.behavior.get_behavior_index | Parquet saved | output_path=C:\Users\krm\PycharmProjects\AlternativeData\data_warehouse\raw\behavior\behavior_index.parquet | rows=22594 | symbols=22
2026-07-29 10:59:18 | INFO | src.jobs_xlsx.behavior.get_behavior_index | Excel wide value loader started | config_path=config/behavior_jobs.yaml
2026-07-29 10:59:18 | INFO | src.jobs_xlsx.behavior.get_behavior_index | Loading Excel sheet | file=C:\Users\krm\PycharmProjects\AlternativeData\data_lake\behavior\AAII Sentiment.xlsx | sheet=AAII | exchange=AAII | country=United States
2026-07-29 10:59:19 | INFO | src.jobs_xlsx.behavior.get_behavior_index | Excel sheet loaded | file=C:\Users\krm\PycharmProjects\AlternativeData\data_lake\behavior\AAII Sentiment.xlsx | sheet=AAII | rows=2034 | columns=7
2026-07-29 10:59:19 | INFO | src.jobs_xlsx.behavior.get_behavior_index | Loading Excel sheet | file=C:\Users\krm\PycharmProjects\AlternativeData\data_lake\behavior\AAII Sentiment.xlsx | sheet=Asset Allocation | exchange=AAII | country=United States
2026-07-29 10:59:19 | INFO | src.jobs_xlsx.behavior.get_behavior_index | Excel sheet loaded | file=C:\Users\krm\PycharmProjects\AlternativeData\data_lake\behavior\AAII Sentiment.xlsx | sheet=Asset Allocation | rows=464 | columns=11
2026-07-29 10:59:19 | INFO | src.jobs_xlsx.behavior.get_behavior_index | Loading Excel sheet | file=C:\Users\krm\PycharmProjects\AlternativeData\data_lake\behavior\CNN Fear and Greed Index.xlsx | sheet=CNNFNGI | exchange=CNN | country=United States
2026-07-29 10:59:19 | INFO | src.jobs_xlsx.behavior.get_behavior_index | Excel sheet loaded | file=C:\Users\krm\PycharmProjects\AlternativeData\data_lake\behavior\CNN Fear and Greed Index.xlsx | sheet=CNNFNGI | rows=3993 | columns=5
2026-07-29 10:59:19 | INFO | src.jobs_xlsx.behavior.get_behavior_index | Loading Excel sheet | file=C:\Users\krm\PycharmProjects\AlternativeData\data_lake\behavior\FINRA Margin.xlsx | sheet=MARGBLNC | exchange=FINRA | country=United States
2026-07-29 10:59:19 | INFO | src.jobs_xlsx.behavior.get_behavior_index | Excel sheet loaded | file=C:\Users\krm\PycharmProjects\AlternativeData\data_lake\behavior\FINRA Margin.xlsx | sheet=MARGBLNC | rows=353 | columns=7
2026-07-29 10:59:19 | INFO | src.jobs_xlsx.behavior.get_behavior_index | Loading Excel sheet | file=C:\Users\krm\PycharmProjects\AlternativeData\data_lake\behavior\NAAIM Exposure Index.xlsx | sheet=NAAIM | exchange=NAAIM | country=United States
2026-07-29 10:59:19 | INFO | src.jobs_xlsx.behavior.get_behavior_index | Excel sheet loaded | file=C:\Users\krm\PycharmProjects\AlternativeData\data_lake\behavior\NAAIM Exposure Index.xlsx | sheet=NAAIM | rows=1046 | columns=12
2026-07-29 10:59:19 | INFO | src.jobs_xlsx.behavior.get_behavior_index | Parquet saved | output_path=C:\Users\krm\PycharmProjects\AlternativeData\data_warehouse\raw\behavior\behavior_index.parquet | rows=22609 | symbols=22
2026-07-29 11:06:05 | INFO | src.jobs_xlsx.behavior.get_behavior_index | Excel wide value loader started | config_path=config/behavior_jobs.yaml
2026-07-29 11:06:05 | INFO | src.jobs_xlsx.behavior.get_behavior_index | Loading Excel sheet | file=C:\Users\krm\PycharmProjects\AlternativeData\data_lake\behavior\AAII Sentiment.xlsx | sheet=AAII | exchange=AAII | country=United States
2026-07-29 11:06:05 | INFO | src.jobs_xlsx.behavior.get_behavior_index | Excel sheet loaded | file=C:\Users\krm\PycharmProjects\AlternativeData\data_lake\behavior\AAII Sentiment.xlsx | sheet=AAII | rows=2034 | columns=7
2026-07-29 11:06:05 | INFO | src.jobs_xlsx.behavior.get_behavior_index | Loading Excel sheet | file=C:\Users\krm\PycharmProjects\AlternativeData\data_lake\behavior\AAII Sentiment.xlsx | sheet=Asset Allocation | exchange=AAII | country=United States
2026-07-29 11:06:05 | INFO | src.jobs_xlsx.behavior.get_behavior_index | Excel sheet loaded | file=C:\Users\krm\PycharmProjects\AlternativeData\data_lake\behavior\AAII Sentiment.xlsx | sheet=Asset Allocation | rows=464 | columns=11
2026-07-29 11:06:06 | INFO | src.jobs_xlsx.behavior.get_behavior_index | Loading Excel sheet | file=C:\Users\krm\PycharmProjects\AlternativeData\data_lake\behavior\CNN Fear and Greed Index.xlsx | sheet=CNNFNGI | exchange=CNN | country=United States
2026-07-29 11:06:06 | INFO | src.jobs_xlsx.behavior.get_behavior_index | Excel sheet loaded | file=C:\Users\krm\PycharmProjects\AlternativeData\data_lake\behavior\CNN Fear and Greed Index.xlsx | sheet=CNNFNGI | rows=3993 | columns=5
2026-07-29 11:06:06 | INFO | src.jobs_xlsx.behavior.get_behavior_index | Loading Excel sheet | file=C:\Users\krm\PycharmProjects\AlternativeData\data_lake\behavior\FINRA Margin.xlsx | sheet=MARGBLNC | exchange=FINRA | country=United States
2026-07-29 11:06:06 | INFO | src.jobs_xlsx.behavior.get_behavior_index | Excel sheet loaded | file=C:\Users\krm\PycharmProjects\AlternativeData\data_lake\behavior\FINRA Margin.xlsx | sheet=MARGBLNC | rows=353 | columns=7
2026-07-29 11:06:06 | INFO | src.jobs_xlsx.behavior.get_behavior_index | Loading Excel sheet | file=C:\Users\krm\PycharmProjects\AlternativeData\data_lake\behavior\NAAIM Exposure Index.xlsx | sheet=NAAIM | exchange=NAAIM | country=United States
2026-07-29 11:06:06 | INFO | src.jobs_xlsx.behavior.get_behavior_index | Excel sheet loaded | file=C:\Users\krm\PycharmProjects\AlternativeData\data_lake\behavior\NAAIM Exposure Index.xlsx | sheet=NAAIM | rows=1046 | columns=12
2026-07-29 11:06:06 | INFO | src.jobs_xlsx.behavior.get_behavior_index | Parquet saved | output_path=C:\Users\krm\PycharmProjects\AlternativeData\data_warehouse\raw\behavior\behavior_index.parquet | rows=22609 | symbols=22
2026-07-31 17:23:39 | INFO | src.jobs_xlsx.behavior.get_behavior_index | Excel wide value loader started | config_path=config/behavior_jobs.yaml
2026-07-31 17:23:39 | INFO | src.jobs_xlsx.behavior.get_behavior_index | Loading Excel sheet | file=C:\Users\krm\PycharmProjects\AlternativeData\data_lake\behavior\AAII Sentiment.xlsx | sheet=AAII | exchange=AAII | country=United States
2026-07-31 17:23:39 | INFO | src.jobs_xlsx.behavior.get_behavior_index | Excel sheet loaded | file=C:\Users\krm\PycharmProjects\AlternativeData\data_lake\behavior\AAII Sentiment.xlsx | sheet=AAII | rows=2035 | columns=7
2026-07-31 17:23:39 | INFO | src.jobs_xlsx.behavior.get_behavior_index | Loading Excel sheet | file=C:\Users\krm\PycharmProjects\AlternativeData\data_lake\behavior\AAII Sentiment.xlsx | sheet=Asset Allocation | exchange=AAII | country=United States
2026-07-31 17:23:39 | INFO | src.jobs_xlsx.behavior.get_behavior_index | Excel sheet loaded | file=C:\Users\krm\PycharmProjects\AlternativeData\data_lake\behavior\AAII Sentiment.xlsx | sheet=Asset Allocation | rows=464 | columns=11
2026-07-31 17:23:39 | INFO | src.jobs_xlsx.behavior.get_behavior_index | Loading Excel sheet | file=C:\Users\krm\PycharmProjects\AlternativeData\data_lake\behavior\CNN Fear and Greed Index.xlsx | sheet=CNNFNGI | exchange=CNN | country=United States
2026-07-31 17:23:39 | INFO | src.jobs_xlsx.behavior.get_behavior_index | Excel sheet loaded | file=C:\Users\krm\PycharmProjects\AlternativeData\data_lake\behavior\CNN Fear and Greed Index.xlsx | sheet=CNNFNGI | rows=3995 | columns=5
2026-07-31 17:23:39 | INFO | src.jobs_xlsx.behavior.get_behavior_index | Loading Excel sheet | file=C:\Users\krm\PycharmProjects\AlternativeData\data_lake\behavior\FINRA Margin.xlsx | sheet=MARGBLNC | exchange=FINRA | country=United States
2026-07-31 17:23:39 | INFO | src.jobs_xlsx.behavior.get_behavior_index | Excel sheet loaded | file=C:\Users\krm\PycharmProjects\AlternativeData\data_lake\behavior\FINRA Margin.xlsx | sheet=MARGBLNC | rows=353 | columns=7
2026-07-31 17:23:40 | INFO | src.jobs_xlsx.behavior.get_behavior_index | Loading Excel sheet | file=C:\Users\krm\PycharmProjects\AlternativeData\data_lake\behavior\NAAIM Exposure Index.xlsx | sheet=NAAIM | exchange=NAAIM | country=United States
2026-07-31 17:23:40 | INFO | src.jobs_xlsx.behavior.get_behavior_index | Excel sheet loaded | file=C:\Users\krm\PycharmProjects\AlternativeData\data_lake\behavior\NAAIM Exposure Index.xlsx | sheet=NAAIM | rows=1047 | columns=12
2026-07-31 17:23:40 | INFO | src.jobs_xlsx.behavior.get_behavior_index | Parquet saved | output_path=C:\Users\krm\PycharmProjects\AlternativeData\data_warehouse\raw\behavior\behavior_index.parquet | rows=22622 | symbols=22
2026-08-05 18:11:07 | INFO | src.jobs_xlsx.behavior.get_behavior_index | Excel wide value loader started | config_path=config/behavior_jobs.yaml
2026-08-05 18:11:07 | INFO | src.jobs_xlsx.behavior.get_behavior_index | Loading Excel sheet | file=C:\Users\krm\PycharmProjects\AlternativeData\data_lake\behavior\AAII Sentiment.xlsx | sheet=AAII | exchange=AAII | country=United States
2026-08-05 18:11:07 | INFO | src.jobs_xlsx.behavior.get_behavior_index | Excel sheet loaded | file=C:\Users\krm\PycharmProjects\AlternativeData\data_lake\behavior\AAII Sentiment.xlsx | sheet=AAII | rows=2035 | columns=7
2026-08-05 18:11:07 | INFO | src.jobs_xlsx.behavior.get_behavior_index | Loading Excel sheet | file=C:\Users\krm\PycharmProjects\AlternativeData\data_lake\behavior\AAII Sentiment.xlsx | sheet=Asset Allocation | exchange=AAII | country=United States
2026-08-05 18:11:07 | INFO | src.jobs_xlsx.behavior.get_behavior_index | Excel sheet loaded | file=C:\Users\krm\PycharmProjects\AlternativeData\data_lake\behavior\AAII Sentiment.xlsx | sheet=Asset Allocation | rows=464 | columns=11
2026-08-05 18:11:07 | INFO | src.jobs_xlsx.behavior.get_behavior_index | Loading Excel sheet | file=C:\Users\krm\PycharmProjects\AlternativeData\data_lake\behavior\CNN Fear and Greed Index.xlsx | sheet=CNNFNGI | exchange=CNN | country=United States
2026-08-05 18:11:07 | INFO | src.jobs_xlsx.behavior.get_behavior_index | Excel sheet loaded | file=C:\Users\krm\PycharmProjects\AlternativeData\data_lake\behavior\CNN Fear and Greed Index.xlsx | sheet=CNNFNGI | rows=3998 | columns=5
2026-08-05 18:11:07 | INFO | src.jobs_xlsx.behavior.get_behavior_index | Loading Excel sheet | file=C:\Users\krm\PycharmProjects\AlternativeData\data_lake\behavior\FINRA Margin.xlsx | sheet=MARGBLNC | exchange=FINRA | country=United States
2026-08-05 18:11:07 | INFO | src.jobs_xlsx.behavior.get_behavior_index | Excel sheet loaded | file=C:\Users\krm\PycharmProjects\AlternativeData\data_lake\behavior\FINRA Margin.xlsx | sheet=MARGBLNC | rows=353 | columns=7
2026-08-05 18:11:07 | INFO | src.jobs_xlsx.behavior.get_behavior_index | Loading Excel sheet | file=C:\Users\krm\PycharmProjects\AlternativeData\data_lake\behavior\NAAIM Exposure Index.xlsx | sheet=NAAIM | exchange=NAAIM | country=United States
2026-08-05 18:11:07 | INFO | src.jobs_xlsx.behavior.get_behavior_index | Excel sheet loaded | file=C:\Users\krm\PycharmProjects\AlternativeData\data_lake\behavior\NAAIM Exposure Index.xlsx | sheet=NAAIM | rows=1048 | columns=12
2026-08-05 18:11:07 | INFO | src.jobs_xlsx.behavior.get_behavior_index | Parquet saved | output_path=C:\Users\krm\PycharmProjects\AlternativeData\data_warehouse\raw\behavior\behavior_index.parquet | rows=22625 | symbols=22
2026-08-09 16:58:10 | INFO | src.jobs_xlsx.behavior.get_behavior_index | Excel wide value loader started | config_path=config/behavior_jobs.yaml
2026-08-09 16:58:10 | INFO | src.jobs_xlsx.behavior.get_behavior_index | Loading Excel sheet | file=/Users/tommy/Desktop/Pycharm/FinancialData/data_lake/behavior/AAII Sentiment.xlsx | sheet=AAII | exchange=AAII | country=United States
2026-08-09 16:58:10 | INFO | src.jobs_xlsx.behavior.get_behavior_index | Excel sheet loaded | file=/Users/tommy/Desktop/Pycharm/FinancialData/data_lake/behavior/AAII Sentiment.xlsx | sheet=AAII | rows=2036 | columns=7
2026-08-09 16:58:10 | INFO | src.jobs_xlsx.behavior.get_behavior_index | Loading Excel sheet | file=/Users/tommy/Desktop/Pycharm/FinancialData/data_lake/behavior/AAII Sentiment.xlsx | sheet=Asset Allocation | exchange=AAII | country=United States
2026-08-09 16:58:10 | INFO | src.jobs_xlsx.behavior.get_behavior_index | Excel sheet loaded | file=/Users/tommy/Desktop/Pycharm/FinancialData/data_lake/behavior/AAII Sentiment.xlsx | sheet=Asset Allocation | rows=465 | columns=11
2026-08-09 16:58:10 | INFO | src.jobs_xlsx.behavior.get_behavior_index | Loading Excel sheet | file=/Users/tommy/Desktop/Pycharm/FinancialData/data_lake/behavior/CNN Fear and Greed Index.xlsx | sheet=CNNFNGI | exchange=CNN | country=United States
2026-08-09 16:58:10 | INFO | src.jobs_xlsx.behavior.get_behavior_index | Excel sheet loaded | file=/Users/tommy/Desktop/Pycharm/FinancialData/data_lake/behavior/CNN Fear and Greed Index.xlsx | sheet=CNNFNGI | rows=4000 | columns=5
2026-08-09 16:58:10 | INFO | src.jobs_xlsx.behavior.get_behavior_index | Loading Excel sheet | file=/Users/tommy/Desktop/Pycharm/FinancialData/data_lake/behavior/FINRA Margin.xlsx | sheet=MARGBLNC | exchange=FINRA | country=United States
2026-08-09 16:58:10 | INFO | src.jobs_xlsx.behavior.get_behavior_index | Excel sheet loaded | file=/Users/tommy/Desktop/Pycharm/FinancialData/data_lake/behavior/FINRA Margin.xlsx | sheet=MARGBLNC | rows=353 | columns=7
2026-08-09 16:58:10 | INFO | src.jobs_xlsx.behavior.get_behavior_index | Loading Excel sheet | file=/Users/tommy/Desktop/Pycharm/FinancialData/data_lake/behavior/NAAIM Exposure Index.xlsx | sheet=NAAIM | exchange=NAAIM | country=United States
2026-08-09 16:58:10 | INFO | src.jobs_xlsx.behavior.get_behavior_index | Excel sheet loaded | file=/Users/tommy/Desktop/Pycharm/FinancialData/data_lake/behavior/NAAIM Exposure Index.xlsx | sheet=NAAIM | rows=1048 | columns=12
2026-08-09 16:58:10 | INFO | src.jobs_xlsx.behavior.get_behavior_index | Parquet saved | output_path=/Users/tommy/Desktop/Pycharm/FinancialData/data_warehouse/raw/behavior/behavior_index.parquet | rows=22637 | symbols=22
