2026-06-14 19:46:32 | INFO | src.jobs_xlsx.cfm.get_cfm_price_index | CFM price index data job started | input_path=/Users/tommy/Desktop/Pycharm/FinancialData/data/industry/cfm/Index.xlsx | metadata_path=/Users/tommy/Desktop/Pycharm/FinancialData/data/metadata.xlsx
2026-06-14 19:46:32 | INFO | src.jobs_xlsx.cfm.get_cfm_price_index | CFM index metadata loaded | symbols=2
2026-06-14 19:46:32 | INFO | src.jobs_xlsx.cfm.get_cfm_price_index | CFM price index Excel sheet loaded | rows=49 | columns=6
2026-06-14 19:46:32 | INFO | src.jobs_xlsx.cfm.get_cfm_price_index | CFM price index Parquet saved | output_path=/Users/tommy/Desktop/Pycharm/FinancialData/data_lake/raw/industry/cfm/cfm_price_index.parquet | rows=98
2026-06-15 09:10:18 | INFO | src.jobs_xlsx.cfm.get_cfm_price_index | CFM price index data job started | input_path=C:\Users\krm\PycharmProjects\AlternativeData\data\industry\cfm\Index.xlsx | metadata_path=C:\Users\krm\PycharmProjects\AlternativeData\data\metadata.xlsx
2026-06-15 09:10:18 | INFO | src.jobs_xlsx.cfm.get_cfm_price_index | CFM index metadata loaded | symbols=2
2026-06-15 09:10:19 | INFO | src.jobs_xlsx.cfm.get_cfm_price_index | CFM price index Excel sheet loaded | rows=49 | columns=6
2026-06-15 09:10:19 | INFO | src.jobs_xlsx.cfm.get_cfm_price_index | CFM price index Parquet saved | output_path=C:\Users\krm\PycharmProjects\AlternativeData\data_lake\raw\industry\cfm\cfm_price_index.parquet | rows=98
2026-06-15 09:12:42 | INFO | src.jobs_xlsx.cfm.get_cfm_price_index | CFM price index data job started | input_path=C:\Users\krm\PycharmProjects\AlternativeData\data\industry\cfm\Index.xlsx | metadata_path=C:\Users\krm\PycharmProjects\AlternativeData\data\metadata.xlsx
2026-06-15 09:12:42 | INFO | src.jobs_xlsx.cfm.get_cfm_price_index | CFM index metadata loaded | symbols=2
2026-06-15 09:12:42 | INFO | src.jobs_xlsx.cfm.get_cfm_price_index | CFM price index Excel sheet loaded | rows=49 | columns=6
2026-06-15 09:12:42 | INFO | src.jobs_xlsx.cfm.get_cfm_price_index | CFM price index Parquet saved | output_path=C:\Users\krm\PycharmProjects\AlternativeData\data_lake\raw\industry\cfm\cfm_price_index.parquet | rows=98
2026-06-15 09:15:17 | INFO | src.jobs_xlsx.cfm.get_cfm_price_index | CFM price index data job started | input_path=C:\Users\krm\PycharmProjects\AlternativeData\data\industry\cfm\Index.xlsx | metadata_path=C:\Users\krm\PycharmProjects\AlternativeData\data\metadata.xlsx
2026-06-15 09:15:17 | INFO | src.jobs_xlsx.cfm.get_cfm_price_index | CFM index metadata loaded | symbols=2
2026-06-15 09:15:17 | INFO | src.jobs_xlsx.cfm.get_cfm_price_index | CFM price index Excel sheet loaded | rows=49 | columns=6
2026-06-15 09:15:18 | INFO | src.jobs_xlsx.cfm.get_cfm_price_index | CFM price index Parquet saved | output_path=C:\Users\krm\PycharmProjects\AlternativeData\data_lake\raw\industry\cfm\cfm_price_index.parquet | rows=98
2026-06-15 17:37:30 | INFO | src.jobs_xlsx.cfm.get_cfm_price_index | CFM price index data job started | input_path=C:\Users\krm\PycharmProjects\AlternativeData\data\industry\cfm\Index.xlsx | metadata_path=C:\Users\krm\PycharmProjects\AlternativeData\data\metadata.xlsx
2026-06-15 17:37:30 | INFO | src.jobs_xlsx.cfm.get_cfm_price_index | CFM index metadata loaded | symbols=2
2026-06-15 17:37:30 | INFO | src.jobs_xlsx.cfm.get_cfm_price_index | CFM price index Excel sheet loaded | rows=49 | columns=6
2026-06-15 17:37:30 | INFO | src.jobs_xlsx.cfm.get_cfm_price_index | CFM price index Parquet saved | output_path=C:\Users\krm\PycharmProjects\AlternativeData\data_lake\raw\industry\cfm\cfm_price_index.parquet | rows=98
2026-06-15 17:41:21 | INFO | src.jobs_xlsx.cfm.get_cfm_price_index | CFM price index data job started | input_path=C:\Users\krm\PycharmProjects\AlternativeData\data\industry\cfm\Index.xlsx | metadata_path=C:\Users\krm\PycharmProjects\AlternativeData\data\metadata.xlsx
2026-06-15 17:41:21 | INFO | src.jobs_xlsx.cfm.get_cfm_price_index | CFM index metadata loaded | symbols=2
2026-06-15 17:41:21 | INFO | src.jobs_xlsx.cfm.get_cfm_price_index | CFM price index Excel sheet loaded | rows=49 | columns=6
2026-06-15 17:41:21 | INFO | src.jobs_xlsx.cfm.get_cfm_price_index | CFM price index Parquet saved | output_path=C:\Users\krm\PycharmProjects\AlternativeData\data_lake\raw\industry\cfm\cfm_price_index.parquet | rows=98
2026-06-16 10:46:25 | INFO | src.jobs_xlsx.cfm.get_cfm_price_index | CFM price index data job started | input_path=C:\Users\krm\PycharmProjects\AlternativeData\data\industry\cfm\Index.xlsx | metadata_path=C:\Users\krm\PycharmProjects\AlternativeData\data\metadata.xlsx
2026-06-16 10:46:25 | INFO | src.jobs_xlsx.cfm.get_cfm_price_index | CFM index metadata loaded | symbols=2
2026-06-16 10:46:25 | INFO | src.jobs_xlsx.cfm.get_cfm_price_index | CFM price index Excel sheet loaded | rows=49 | columns=6
2026-06-16 10:46:25 | INFO | src.jobs_xlsx.cfm.get_cfm_price_index | CFM price index Parquet saved | output_path=C:\Users\krm\PycharmProjects\AlternativeData\data_lake\raw\industry\cfm\cfm_price_index.parquet | rows=98
2026-06-16 11:01:47 | INFO | src.jobs_xlsx.cfm.get_cfm_price_index | CFM price index data job started | input_path=C:\Users\krm\PycharmProjects\AlternativeData\data\industry\cfm\Index.xlsx | metadata_path=C:\Users\krm\PycharmProjects\AlternativeData\data\metadata.xlsx
2026-06-16 11:01:47 | INFO | src.jobs_xlsx.cfm.get_cfm_price_index | CFM index metadata loaded | symbols=2
2026-06-16 11:01:47 | INFO | src.jobs_xlsx.cfm.get_cfm_price_index | CFM price index Excel sheet loaded | rows=49 | columns=6
2026-06-16 11:01:47 | INFO | src.jobs_xlsx.cfm.get_cfm_price_index | CFM price index Parquet saved | output_path=C:\Users\krm\PycharmProjects\AlternativeData\data_lake\raw\industry\cfm\cfm_price_index.parquet | rows=98
2026-06-16 13:28:30 | INFO | src.jobs_xlsx.cfm.get_cfm_price_index | CFM price index data job started | input_path=C:\Users\krm\PycharmProjects\AlternativeData\data\industry\cfm\Index.xlsx | metadata_path=C:\Users\krm\PycharmProjects\AlternativeData\data\metadata.xlsx
2026-06-16 13:28:30 | INFO | src.jobs_xlsx.cfm.get_cfm_price_index | CFM index metadata loaded | symbols=2
2026-06-16 13:28:30 | INFO | src.jobs_xlsx.cfm.get_cfm_price_index | CFM price index Excel sheet loaded | rows=49 | columns=6
2026-06-16 13:28:30 | INFO | src.jobs_xlsx.cfm.get_cfm_price_index | CFM price index Parquet saved | output_path=C:\Users\krm\PycharmProjects\AlternativeData\data_lake\raw\industry\cfm\cfm_price_index.parquet | rows=98
2026-06-16 13:39:09 | INFO | src.jobs_xlsx.cfm.get_cfm_price_index | CFM price index data job started | input_path=C:\Users\krm\PycharmProjects\AlternativeData\data\industry\cfm\Index.xlsx | metadata_path=C:\Users\krm\PycharmProjects\AlternativeData\data\metadata.xlsx
2026-06-16 13:39:09 | INFO | src.jobs_xlsx.cfm.get_cfm_price_index | CFM index metadata loaded | symbols=2
2026-06-16 13:39:09 | INFO | src.jobs_xlsx.cfm.get_cfm_price_index | CFM price index Excel sheet loaded | rows=49 | columns=6
2026-06-16 13:39:09 | INFO | src.jobs_xlsx.cfm.get_cfm_price_index | CFM price index Parquet saved | output_path=C:\Users\krm\PycharmProjects\AlternativeData\data_lake\raw\industry\cfm\cfm_price_index.parquet | rows=98
2026-06-16 13:48:12 | INFO | src.jobs_xlsx.cfm.get_cfm_price_index | CFM price index data job started | input_path=C:\Users\krm\PycharmProjects\AlternativeData\data\industry\cfm\Index.xlsx | metadata_path=C:\Users\krm\PycharmProjects\AlternativeData\data\metadata.xlsx
2026-06-16 13:48:12 | INFO | src.jobs_xlsx.cfm.get_cfm_price_index | CFM index metadata loaded | symbols=2
2026-06-16 13:48:12 | INFO | src.jobs_xlsx.cfm.get_cfm_price_index | CFM price index Excel sheet loaded | rows=49 | columns=6
2026-06-16 13:48:12 | INFO | src.jobs_xlsx.cfm.get_cfm_price_index | CFM price index Parquet saved | output_path=C:\Users\krm\PycharmProjects\AlternativeData\data_lake\raw\industry\index\cfm_price_index.parquet | rows=98
2026-06-16 13:49:22 | INFO | src.jobs_xlsx.cfm.get_cfm_price_index | CFM price index data job started | input_path=C:\Users\krm\PycharmProjects\AlternativeData\data\industry\cfm\Index.xlsx | metadata_path=C:\Users\krm\PycharmProjects\AlternativeData\data\metadata.xlsx
2026-06-16 13:49:22 | INFO | src.jobs_xlsx.cfm.get_cfm_price_index | CFM index metadata loaded | symbols=2
2026-06-16 13:49:22 | INFO | src.jobs_xlsx.cfm.get_cfm_price_index | CFM price index Excel sheet loaded | rows=49 | columns=6
2026-06-16 13:49:22 | INFO | src.jobs_xlsx.cfm.get_cfm_price_index | CFM price index Parquet saved | output_path=C:\Users\krm\PycharmProjects\AlternativeData\data_lake\raw\industry\index\cfm_price_index.parquet | rows=98
2026-06-17 10:38:12 | INFO | src.jobs_xlsx.cfm.get_cfm_price_index | CFM price index data job started | input_path=C:\Users\krm\PycharmProjects\AlternativeData\data\industry\cfm\Index.xlsx | metadata_path=C:\Users\krm\PycharmProjects\AlternativeData\data\metadata.xlsx
2026-06-17 10:38:12 | INFO | src.jobs_xlsx.cfm.get_cfm_price_index | CFM index metadata loaded | symbols=2
2026-06-17 10:38:12 | INFO | src.jobs_xlsx.cfm.get_cfm_price_index | CFM price index Excel sheet loaded | rows=49 | columns=6
2026-06-17 10:38:12 | INFO | src.jobs_xlsx.cfm.get_cfm_price_index | CFM price index Parquet saved | output_path=C:\Users\krm\PycharmProjects\AlternativeData\data_lake\raw\industry\index\cfm_price_index.parquet | rows=98
2026-06-18 17:14:50 | INFO | src.jobs_xlsx.cfm.get_cfm_price_index | CFM price index data job started | input_path=C:\Users\krm\PycharmProjects\AlternativeData\data\industry\cfm\Index.xlsx | metadata_path=C:\Users\krm\PycharmProjects\AlternativeData\data\metadata.xlsx
2026-06-18 17:14:50 | INFO | src.jobs_xlsx.cfm.get_cfm_price_index | CFM index metadata loaded | symbols=2
2026-06-18 17:14:50 | INFO | src.jobs_xlsx.cfm.get_cfm_price_index | CFM price index Excel sheet loaded | rows=50 | columns=6
2026-06-18 17:14:50 | INFO | src.jobs_xlsx.cfm.get_cfm_price_index | CFM price index Parquet saved | output_path=C:\Users\krm\PycharmProjects\AlternativeData\data_lake\raw\industry\index\cfm_price_index.parquet | rows=100
2026-06-19 14:05:31 | INFO | src.jobs_xlsx.cfm.get_cfm_price_index | CFM price index data job started | input_path=C:\Users\krm\PycharmProjects\AlternativeData\data\industry\cfm\Index.xlsx | metadata_path=C:\Users\krm\PycharmProjects\AlternativeData\data\metadata.xlsx
2026-06-19 14:05:31 | INFO | src.jobs_xlsx.cfm.get_cfm_price_index | CFM index metadata loaded | symbols=2
2026-06-19 14:05:31 | INFO | src.jobs_xlsx.cfm.get_cfm_price_index | CFM price index Excel sheet loaded | rows=50 | columns=6
2026-06-19 14:05:31 | INFO | src.jobs_xlsx.cfm.get_cfm_price_index | CFM price index Parquet saved | output_path=C:\Users\krm\PycharmProjects\AlternativeData\data_lake\raw\industry\index\cfm_price_index.parquet | rows=100
2026-06-24 14:54:37 | INFO | src.jobs_xlsx.cfm.get_cfm_price_index | CFM price index data job started | input_path=C:\Users\krm\PycharmProjects\AlternativeData\data\industry\cfm\Index.xlsx | metadata_path=C:\Users\krm\PycharmProjects\AlternativeData\data\metadata.xlsx
2026-06-24 14:54:37 | INFO | src.jobs_xlsx.cfm.get_cfm_price_index | CFM index metadata loaded | symbols=2
2026-06-24 14:54:37 | INFO | src.jobs_xlsx.cfm.get_cfm_price_index | CFM price index Excel sheet loaded | rows=50 | columns=6
2026-06-24 14:54:37 | INFO | src.jobs_xlsx.cfm.get_cfm_price_index | CFM price index Parquet saved | output_path=C:\Users\krm\PycharmProjects\AlternativeData\data_lake\raw\industry\index\cfm_price_index.parquet | rows=100
2026-06-27 11:21:11 | INFO | src.jobs_xlsx.cfm.get_cfm_price_index | CFM price index data job started | input_path=C:\Users\Geust\PycharmProjects\AlternativeData\data\industry\cfm\Index.xlsx | metadata_path=C:\Users\Geust\PycharmProjects\AlternativeData\data\metadata.xlsx
2026-06-27 11:21:11 | INFO | src.jobs_xlsx.cfm.get_cfm_price_index | CFM index metadata loaded | symbols=2
2026-06-27 11:21:11 | INFO | src.jobs_xlsx.cfm.get_cfm_price_index | CFM price index Excel sheet loaded | rows=50 | columns=6
2026-06-27 11:21:11 | INFO | src.jobs_xlsx.cfm.get_cfm_price_index | CFM price index Parquet saved | output_path=C:\Users\Geust\PycharmProjects\AlternativeData\data_lake\raw\industry\index\cfm_price_index.parquet | rows=100
2026-06-27 15:21:51 | INFO | src.jobs_xlsx.cfm.get_cfm_price_index | CFM price index data job started | input_path=/Users/tommy/Desktop/Pycharm/FinancialData/data/industry/cfm/Index.xlsx | metadata_path=/Users/tommy/Desktop/Pycharm/FinancialData/data/metadata.xlsx
2026-06-27 15:21:51 | INFO | src.jobs_xlsx.cfm.get_cfm_price_index | CFM index metadata loaded | symbols=2
2026-06-27 15:21:52 | INFO | src.jobs_xlsx.cfm.get_cfm_price_index | CFM price index Excel sheet loaded | rows=50 | columns=6
2026-06-27 15:21:52 | INFO | src.jobs_xlsx.cfm.get_cfm_price_index | CFM price index Parquet saved | output_path=/Users/tommy/Desktop/Pycharm/FinancialData/data_lake/raw/industry/index/cfm_price_index.parquet | rows=100
2026-06-27 21:18:02 | INFO | src.jobs_xlsx.cfm.get_cfm_price_index | CFM price index data job started | input_path=/Users/tommy/Desktop/Pycharm/FinancialData/data/industry/cfm/Index.xlsx | metadata_path=/Users/tommy/Desktop/Pycharm/FinancialData/data/metadata.xlsx
2026-06-27 21:18:03 | INFO | src.jobs_xlsx.cfm.get_cfm_price_index | CFM index metadata loaded | symbols=2
2026-06-27 21:18:03 | INFO | src.jobs_xlsx.cfm.get_cfm_price_index | CFM price index Excel sheet loaded | rows=50 | columns=6
2026-06-27 21:18:03 | INFO | src.jobs_xlsx.cfm.get_cfm_price_index | CFM price index Parquet saved | output_path=/Users/tommy/Desktop/Pycharm/FinancialData/data_lake/raw/industry/index/cfm_price_index.parquet | rows=100
2026-06-27 21:20:34 | INFO | src.jobs_xlsx.cfm.get_cfm_price_index | CFM price index data job started | input_path=/Users/tommy/Desktop/Pycharm/FinancialData/data/industry/cfm/Index.xlsx | metadata_path=/Users/tommy/Desktop/Pycharm/FinancialData/data/metadata.xlsx
2026-06-27 21:20:34 | INFO | src.jobs_xlsx.cfm.get_cfm_price_index | CFM index metadata loaded | symbols=2
2026-06-27 21:20:34 | INFO | src.jobs_xlsx.cfm.get_cfm_price_index | CFM price index Excel sheet loaded | rows=50 | columns=6
2026-06-27 21:20:34 | INFO | src.jobs_xlsx.cfm.get_cfm_price_index | CFM price index Parquet saved | output_path=/Users/tommy/Desktop/Pycharm/FinancialData/data_lake/raw/industry/index/cfm_price_index.parquet | rows=100
2026-06-27 21:36:18 | INFO | src.jobs_xlsx.cfm.get_cfm_price_index | CFM price index data job started | input_path=/Users/tommy/Desktop/Pycharm/FinancialData/data/industry/cfm/Index.xlsx | metadata_path=/Users/tommy/Desktop/Pycharm/FinancialData/data/metadata.xlsx
2026-06-27 21:36:18 | INFO | src.jobs_xlsx.cfm.get_cfm_price_index | CFM index metadata loaded | symbols=2
2026-06-27 21:36:18 | INFO | src.jobs_xlsx.cfm.get_cfm_price_index | CFM price index Excel sheet loaded | rows=50 | columns=6
2026-06-27 21:36:18 | INFO | src.jobs_xlsx.cfm.get_cfm_price_index | CFM price index Parquet saved | output_path=/Users/tommy/Desktop/Pycharm/FinancialData/data_lake/raw/industry/index/cfm_price_index.parquet | rows=100
2026-06-29 13:36:42 | INFO | src.jobs_xlsx.cfm.get_cfm_price_index | CFM price index data job started | input_path=C:\Users\krm\PycharmProjects\AlternativeData\data\industry\cfm\Index.xlsx | metadata_path=C:\Users\krm\PycharmProjects\AlternativeData\data\metadata.xlsx
2026-06-29 13:36:42 | INFO | src.jobs_xlsx.cfm.get_cfm_price_index | CFM index metadata loaded | symbols=2
2026-06-29 13:36:42 | INFO | src.jobs_xlsx.cfm.get_cfm_price_index | CFM price index Excel sheet loaded | rows=50 | columns=6
2026-06-29 13:36:42 | INFO | src.jobs_xlsx.cfm.get_cfm_price_index | CFM price index Parquet saved | output_path=C:\Users\krm\PycharmProjects\AlternativeData\data_lake\raw\industry\index\cfm_price_index.parquet | rows=100
2026-06-29 18:08:22 | INFO | src.jobs_xlsx.cfm.get_cfm_price_index | CFM price index data job started | input_path=C:\Users\krm\PycharmProjects\AlternativeData\data\industry\cfm\Index.xlsx | metadata_path=C:\Users\krm\PycharmProjects\AlternativeData\data\metadata.xlsx
2026-06-29 18:08:22 | INFO | src.jobs_xlsx.cfm.get_cfm_price_index | CFM index metadata loaded | symbols=2
2026-06-29 18:08:22 | INFO | src.jobs_xlsx.cfm.get_cfm_price_index | CFM price index Excel sheet loaded | rows=50 | columns=6
2026-06-29 18:08:22 | INFO | src.jobs_xlsx.cfm.get_cfm_price_index | CFM price index Parquet saved | output_path=C:\Users\krm\PycharmProjects\AlternativeData\data_lake\raw\industry\index\cfm_price_index.parquet | rows=100
2026-06-30 11:23:34 | INFO | src.jobs_xlsx.cfm.get_cfm_price_index | CFM price index data job started | input_path=C:\Users\krm\PycharmProjects\AlternativeData\data\industry\cfm\Index.xlsx | metadata_path=C:\Users\krm\PycharmProjects\AlternativeData\data\metadata.xlsx
2026-06-30 11:23:34 | INFO | src.jobs_xlsx.cfm.get_cfm_price_index | CFM index metadata loaded | symbols=2
2026-06-30 11:23:34 | INFO | src.jobs_xlsx.cfm.get_cfm_price_index | CFM price index Excel sheet loaded | rows=50 | columns=6
2026-06-30 11:23:34 | INFO | src.jobs_xlsx.cfm.get_cfm_price_index | CFM price index Parquet saved | output_path=C:\Users\krm\PycharmProjects\AlternativeData\data_lake\raw\industry\index\cfm_price_index.parquet | rows=100
2026-07-02 01:42:56 | INFO | src.jobs_xlsx.cfm.get_cfm_price_index | CFM price index data job started | input_path=C:\Users\Geust\PycharmProjects\AlternativeData\data\industry\cfm\Index.xlsx | metadata_path=C:\Users\Geust\PycharmProjects\AlternativeData\data\metadata.xlsx
2026-07-02 01:42:56 | INFO | src.jobs_xlsx.cfm.get_cfm_price_index | CFM index metadata loaded | symbols=2
2026-07-02 01:42:57 | INFO | src.jobs_xlsx.cfm.get_cfm_price_index | CFM price index Excel sheet loaded | rows=51 | columns=6
2026-07-02 01:42:57 | INFO | src.jobs_xlsx.cfm.get_cfm_price_index | CFM price index Parquet saved | output_path=C:\Users\Geust\PycharmProjects\AlternativeData\data_lake\raw\industry\index\cfm_price_index.parquet | rows=102
2026-07-02 18:02:17 | INFO | src.jobs_xlsx.cfm.get_cfm_price_index | CFM price index data job started | input_path=C:\Users\krm\PycharmProjects\AlternativeData\data\industry\cfm\Index.xlsx | metadata_path=C:\Users\krm\PycharmProjects\AlternativeData\data\metadata.xlsx
2026-07-02 18:02:17 | INFO | src.jobs_xlsx.cfm.get_cfm_price_index | CFM index metadata loaded | symbols=2
2026-07-02 18:02:17 | INFO | src.jobs_xlsx.cfm.get_cfm_price_index | CFM price index Excel sheet loaded | rows=51 | columns=6
2026-07-02 18:02:17 | INFO | src.jobs_xlsx.cfm.get_cfm_price_index | CFM price index Parquet saved | output_path=C:\Users\krm\PycharmProjects\AlternativeData\data_warehouse\raw\industry\index\cfm_price_index.parquet | rows=102
2026-07-02 18:12:43 | INFO | src.jobs_xlsx.cfm.get_cfm_price_index | CFM price index data_lake job started | input_path=C:\Users\krm\PycharmProjects\AlternativeData\data_lake\industry\cfm\Index.xlsx | metadata_path=C:\Users\krm\PycharmProjects\AlternativeData\data_lake\metadata.xlsx
2026-07-02 18:12:43 | INFO | src.jobs_xlsx.cfm.get_cfm_price_index | CFM index metadata loaded | symbols=2
2026-07-02 18:12:43 | INFO | src.jobs_xlsx.cfm.get_cfm_price_index | CFM price index Excel sheet loaded | rows=51 | columns=6
2026-07-02 18:12:44 | INFO | src.jobs_xlsx.cfm.get_cfm_price_index | CFM price index Parquet saved | output_path=C:\Users\krm\PycharmProjects\AlternativeData\data_warehouse\raw\industry\index\cfm_price_index.parquet | rows=102
2026-07-03 23:34:36 | INFO | src.jobs_xlsx.cfm.get_cfm_price_index | CFM price index data_lake job started | input_path=C:\Users\Geust\PycharmProjects\AlternativeData\data_lake\industry\cfm\Index.xlsx | metadata_path=C:\Users\Geust\PycharmProjects\AlternativeData\data_lake\metadata.xlsx
2026-07-03 23:34:36 | INFO | src.jobs_xlsx.cfm.get_cfm_price_index | CFM index metadata loaded | symbols=2
2026-07-03 23:34:36 | INFO | src.jobs_xlsx.cfm.get_cfm_price_index | CFM price index Excel sheet loaded | rows=51 | columns=6
2026-07-03 23:34:36 | INFO | src.jobs_xlsx.cfm.get_cfm_price_index | CFM price index Parquet saved | output_path=C:\Users\Geust\PycharmProjects\AlternativeData\data_warehouse\raw\industry\index\cfm_price_index.parquet | rows=102
2026-07-07 01:07:00 | INFO | src.jobs_xlsx.cfm.get_cfm_price_index | CFM price index data_lake job started | input_path=/Users/tommy/Desktop/Pycharm/FinancialData/data_lake/industry/cfm/Index.xlsx | metadata_path=/Users/tommy/Desktop/Pycharm/FinancialData/data_lake/metadata.xlsx
2026-07-07 01:07:00 | INFO | src.jobs_xlsx.cfm.get_cfm_price_index | CFM index metadata loaded | symbols=2
2026-07-07 01:07:00 | INFO | src.jobs_xlsx.cfm.get_cfm_price_index | CFM price index Excel sheet loaded | rows=51 | columns=6
2026-07-07 01:07:00 | INFO | src.jobs_xlsx.cfm.get_cfm_price_index | CFM price index Parquet saved | output_path=/Users/tommy/Desktop/Pycharm/FinancialData/data_warehouse/raw/industry/index/cfm_price_index.parquet | rows=102
2026-07-07 15:32:58 | INFO | src.jobs_xlsx.cfm.get_cfm_price_index | CFM price index data_lake job started | input_path=C:\Users\krm\PycharmProjects\AlternativeData\data_lake\industry\cfm\Index.xlsx | metadata_path=C:\Users\krm\PycharmProjects\AlternativeData\data_lake\metadata.xlsx
2026-07-07 15:32:59 | INFO | src.jobs_xlsx.cfm.get_cfm_price_index | CFM index metadata loaded | symbols=2
2026-07-07 15:32:59 | INFO | src.jobs_xlsx.cfm.get_cfm_price_index | CFM price index Excel sheet loaded | rows=51 | columns=6
2026-07-07 15:32:59 | INFO | src.jobs_xlsx.cfm.get_cfm_price_index | CFM price index Parquet saved | output_path=C:\Users\krm\PycharmProjects\AlternativeData\data_warehouse\raw\industry\index\cfm_price_index.parquet | rows=102
2026-07-16 14:25:58 | INFO | src.jobs_xlsx.cfm.get_cfm_price_index | CFM price index data_lake job started | input_path=C:\Users\krm\PycharmProjects\AlternativeData\data_lake\industry\cfm\Index.xlsx | metadata_path=C:\Users\krm\PycharmProjects\AlternativeData\data_lake\metadata.xlsx
2026-07-16 14:25:59 | INFO | src.jobs_xlsx.cfm.get_cfm_price_index | CFM index metadata loaded | symbols=2
2026-07-16 14:25:59 | INFO | src.jobs_xlsx.cfm.get_cfm_price_index | CFM price index Excel sheet loaded | rows=51 | columns=6
2026-07-16 14:25:59 | INFO | src.jobs_xlsx.cfm.get_cfm_price_index | CFM price index Parquet saved | output_path=C:\Users\krm\PycharmProjects\AlternativeData\data_warehouse\raw\industry\index\cfm_price_index.parquet | rows=102
2026-07-19 03:13:52 | INFO | src.jobs_xlsx.cfm.get_cfm_price_index | CFM price index data_lake job started | input_path=/Users/tommy/Desktop/Pycharm/FinancialData/data_lake/industry/cfm/Index.xlsx | metadata_path=/Users/tommy/Desktop/Pycharm/FinancialData/data_lake/metadata.xlsx
2026-07-19 03:13:52 | INFO | src.jobs_xlsx.cfm.get_cfm_price_index | CFM index metadata loaded | symbols=2
2026-07-19 03:13:53 | INFO | src.jobs_xlsx.cfm.get_cfm_price_index | CFM price index Excel sheet loaded | rows=51 | columns=6
2026-07-19 03:13:53 | INFO | src.jobs_xlsx.cfm.get_cfm_price_index | CFM price index Parquet saved | output_path=/Users/tommy/Desktop/Pycharm/FinancialData/data_warehouse/raw/industry/index/cfm_price_index.parquet | rows=102
2026-07-22 10:48:39 | INFO | src.jobs_xlsx.cfm.get_cfm_price_index | CFM price index data_lake job started | input_path=C:\Users\krm\PycharmProjects\AlternativeData\data_lake\industry\cfm\Index.xlsx | metadata_path=C:\Users\krm\PycharmProjects\AlternativeData\data_lake\metadata.xlsx
2026-07-22 10:48:39 | INFO | src.jobs_xlsx.cfm.get_cfm_price_index | CFM index metadata loaded | symbols=2
2026-07-22 10:48:39 | INFO | src.jobs_xlsx.cfm.get_cfm_price_index | CFM price index Excel sheet loaded | rows=290 | columns=6
2026-07-22 10:48:39 | INFO | src.jobs_xlsx.cfm.get_cfm_price_index | CFM price index Parquet saved | output_path=C:\Users\krm\PycharmProjects\AlternativeData\data_warehouse\raw\industry\index\cfm_price_index.parquet | rows=580
2026-07-23 01:47:42 | INFO | src.jobs_xlsx.cfm.get_cfm_price_index | CFM price index data_lake job started | input_path=/Users/tommy/Desktop/Pycharm/FinancialData/data_lake/industry/cfm/Index.xlsx | metadata_path=/Users/tommy/Desktop/Pycharm/FinancialData/data_lake/metadata.xlsx
2026-07-23 01:47:42 | INFO | src.jobs_xlsx.cfm.get_cfm_price_index | CFM index metadata loaded | symbols=2
2026-07-23 01:47:42 | INFO | src.jobs_xlsx.cfm.get_cfm_price_index | CFM price index Excel sheet loaded | rows=291 | columns=6
2026-07-23 01:47:42 | INFO | src.jobs_xlsx.cfm.get_cfm_price_index | CFM price index Parquet saved | output_path=/Users/tommy/Desktop/Pycharm/FinancialData/data_warehouse/raw/industry/index/cfm_price_index.parquet | rows=582
2026-07-23 15:06:11 | INFO | src.jobs_xlsx.cfm.get_cfm_price_index | CFM price index data_lake job started | input_path=C:\Users\krm\PycharmProjects\AlternativeData\data_lake\industry\cfm\Index.xlsx | metadata_path=C:\Users\krm\PycharmProjects\AlternativeData\data_lake\metadata.xlsx
2026-07-23 15:06:11 | INFO | src.jobs_xlsx.cfm.get_cfm_price_index | CFM index metadata loaded | symbols=2
2026-07-23 15:06:11 | INFO | src.jobs_xlsx.cfm.get_cfm_price_index | CFM price index Excel sheet loaded | rows=291 | columns=6
2026-07-23 15:06:11 | INFO | src.jobs_xlsx.cfm.get_cfm_price_index | CFM price index Parquet saved | output_path=C:\Users\krm\PycharmProjects\AlternativeData\data_warehouse\raw\industry\index\cfm_price_index.parquet | rows=582
2026-07-24 09:14:36 | INFO | src.jobs_xlsx.cfm.get_cfm_price_index | CFM price index data_lake job started | input_path=C:\Users\krm\PycharmProjects\AlternativeData\data_lake\industry\cfm\Index.xlsx | metadata_path=C:\Users\krm\PycharmProjects\AlternativeData\data_lake\metadata.xlsx
2026-07-24 09:14:36 | INFO | src.jobs_xlsx.cfm.get_cfm_price_index | CFM index metadata loaded | symbols=2
2026-07-24 09:14:36 | INFO | src.jobs_xlsx.cfm.get_cfm_price_index | CFM price index Excel sheet loaded | rows=291 | columns=6
2026-07-24 09:14:36 | INFO | src.jobs_xlsx.cfm.get_cfm_price_index | CFM price index Parquet saved | output_path=C:\Users\krm\PycharmProjects\AlternativeData\data_warehouse\raw\industry\index\cfm_price_index.parquet | rows=582
2026-07-29 10:59:11 | INFO | src.jobs_xlsx.cfm.get_cfm_price_index | CFM price index data_lake job started | input_path=C:\Users\krm\PycharmProjects\AlternativeData\data_lake\industry\cfm\Index.xlsx | metadata_path=C:\Users\krm\PycharmProjects\AlternativeData\data_lake\metadata.xlsx
2026-07-29 10:59:11 | INFO | src.jobs_xlsx.cfm.get_cfm_price_index | CFM index metadata loaded | symbols=2
2026-07-29 10:59:11 | INFO | src.jobs_xlsx.cfm.get_cfm_price_index | CFM price index Excel sheet loaded | rows=291 | columns=6
2026-07-29 10:59:11 | INFO | src.jobs_xlsx.cfm.get_cfm_price_index | CFM price index Parquet saved | output_path=C:\Users\krm\PycharmProjects\AlternativeData\data_warehouse\raw\industry\index\cfm_price_index.parquet | rows=582
2026-07-31 17:20:26 | INFO | src.jobs_xlsx.cfm.get_cfm_price_index | CFM price index data_lake job started | input_path=C:\Users\krm\PycharmProjects\AlternativeData\data_lake\industry\cfm\Index.xlsx | metadata_path=C:\Users\krm\PycharmProjects\AlternativeData\data_lake\metadata.xlsx
2026-07-31 17:20:26 | INFO | src.jobs_xlsx.cfm.get_cfm_price_index | CFM index metadata loaded | symbols=2
2026-07-31 17:20:26 | INFO | src.jobs_xlsx.cfm.get_cfm_price_index | CFM price index Excel sheet loaded | rows=291 | columns=6
2026-07-31 17:20:26 | INFO | src.jobs_xlsx.cfm.get_cfm_price_index | CFM price index Parquet saved | output_path=C:\Users\krm\PycharmProjects\AlternativeData\data_warehouse\raw\industry\index\cfm_price_index.parquet | rows=582
