2026-06-30 11:23:40 | INFO | src.jobs_xlsx.fixed_income.get_fixed_incomes_data | Excel wide value loader started | config_path=config/fixed_income_jobs.yaml
2026-06-30 11:23:40 | INFO | src.jobs_xlsx.fixed_income.get_fixed_incomes_data | Loading Excel sheet | file=C:\Users\krm\PycharmProjects\AlternativeData\data\fixed_income\South Korea\BondMarket.xlsx | sheet=KRBONDS | exchange=KOFIA | country=South Korea
2026-06-30 11:23:41 | INFO | src.jobs_xlsx.fixed_income.get_fixed_incomes_data | Excel sheet loaded | file=C:\Users\krm\PycharmProjects\AlternativeData\data\fixed_income\South Korea\BondMarket.xlsx | sheet=KRBONDS | rows=8163 | columns=22
2026-06-30 11:23:41 | INFO | src.jobs_xlsx.fixed_income.get_fixed_incomes_data | Loading Excel sheet | file=C:\Users\krm\PycharmProjects\AlternativeData\data\fixed_income\South Korea\KOFR.xlsx | sheet=KOFR | exchange=KOFR | country=South Korea
2026-06-30 11:23:41 | INFO | src.jobs_xlsx.fixed_income.get_fixed_incomes_data | Excel sheet loaded | file=C:\Users\krm\PycharmProjects\AlternativeData\data\fixed_income\South Korea\KOFR.xlsx | sheet=KOFR | rows=2083 | columns=6
2026-06-30 11:23:41 | INFO | src.jobs_xlsx.fixed_income.get_fixed_incomes_data | Parquet saved | output_path=C:\Users\krm\PycharmProjects\AlternativeData\data_lake\raw\fixed_income\fixed_income_index.parquet | rows=110619 | symbols=20
2026-07-02 01:43:04 | INFO | src.jobs_xlsx.fixed_income.get_fixed_incomes_data | Excel wide value loader started | config_path=config/fixed_income_jobs.yaml
2026-07-02 01:43:04 | INFO | src.jobs_xlsx.fixed_income.get_fixed_incomes_data | Loading Excel sheet | file=C:\Users\Geust\PycharmProjects\AlternativeData\data\fixed_income\South Korea\BondMarket.xlsx | sheet=KRBONDS | exchange=KOFIA | country=South Korea
2026-07-02 01:43:05 | INFO | src.jobs_xlsx.fixed_income.get_fixed_incomes_data | Excel sheet loaded | file=C:\Users\Geust\PycharmProjects\AlternativeData\data\fixed_income\South Korea\BondMarket.xlsx | sheet=KRBONDS | rows=8163 | columns=22
2026-07-02 01:43:06 | INFO | src.jobs_xlsx.fixed_income.get_fixed_incomes_data | Loading Excel sheet | file=C:\Users\Geust\PycharmProjects\AlternativeData\data\fixed_income\South Korea\KOFR.xlsx | sheet=KOFR | exchange=KOFR | country=South Korea
2026-07-02 01:43:06 | INFO | src.jobs_xlsx.fixed_income.get_fixed_incomes_data | Excel sheet loaded | file=C:\Users\Geust\PycharmProjects\AlternativeData\data\fixed_income\South Korea\KOFR.xlsx | sheet=KOFR | rows=2083 | columns=6
2026-07-02 01:43:06 | INFO | src.jobs_xlsx.fixed_income.get_fixed_incomes_data | Parquet saved | output_path=C:\Users\Geust\PycharmProjects\AlternativeData\data_lake\raw\fixed_income\fixed_income_index.parquet | rows=110619 | symbols=20
2026-07-02 18:02:22 | INFO | src.jobs_xlsx.fixed_income.get_fixed_incomes_data | Excel wide value loader started | config_path=config/fixed_income_jobs.yaml
2026-07-02 18:02:22 | INFO | src.jobs_xlsx.fixed_income.get_fixed_incomes_data | Loading Excel sheet | file=C:\Users\krm\PycharmProjects\AlternativeData\data\fixed_income\South Korea\BondMarket.xlsx | sheet=KRBONDS | exchange=KOFIA | country=South Korea
2026-07-02 18:02:22 | INFO | src.jobs_xlsx.fixed_income.get_fixed_incomes_data | Excel sheet loaded | file=C:\Users\krm\PycharmProjects\AlternativeData\data\fixed_income\South Korea\BondMarket.xlsx | sheet=KRBONDS | rows=8163 | columns=22
2026-07-02 18:02:23 | INFO | src.jobs_xlsx.fixed_income.get_fixed_incomes_data | Loading Excel sheet | file=C:\Users\krm\PycharmProjects\AlternativeData\data\fixed_income\South Korea\KOFR.xlsx | sheet=KOFR | exchange=KOFR | country=South Korea
2026-07-02 18:02:23 | INFO | src.jobs_xlsx.fixed_income.get_fixed_incomes_data | Excel sheet loaded | file=C:\Users\krm\PycharmProjects\AlternativeData\data\fixed_income\South Korea\KOFR.xlsx | sheet=KOFR | rows=2083 | columns=6
2026-07-02 18:02:23 | INFO | src.jobs_xlsx.fixed_income.get_fixed_incomes_data | Parquet saved | output_path=C:\Users\krm\PycharmProjects\AlternativeData\data_warehouse\raw\fixed_income\fixed_income_index.parquet | rows=110619 | symbols=20
2026-07-02 18:12:47 | INFO | src.jobs_xlsx.fixed_income.get_fixed_incomes_data | Excel wide value loader started | config_path=config/fixed_income_jobs.yaml
2026-07-02 18:12:47 | INFO | src.jobs_xlsx.fixed_income.get_fixed_incomes_data | Loading Excel sheet | file=C:\Users\krm\PycharmProjects\AlternativeData\data_lake\fixed_income\South Korea\BondMarket.xlsx | sheet=KRBONDS | exchange=KOFIA | country=South Korea
2026-07-02 18:12:48 | INFO | src.jobs_xlsx.fixed_income.get_fixed_incomes_data | Excel sheet loaded | file=C:\Users\krm\PycharmProjects\AlternativeData\data_lake\fixed_income\South Korea\BondMarket.xlsx | sheet=KRBONDS | rows=8163 | columns=22
2026-07-02 18:12:48 | INFO | src.jobs_xlsx.fixed_income.get_fixed_incomes_data | Loading Excel sheet | file=C:\Users\krm\PycharmProjects\AlternativeData\data_lake\fixed_income\South Korea\KOFR.xlsx | sheet=KOFR | exchange=KOFR | country=South Korea
2026-07-02 18:12:48 | INFO | src.jobs_xlsx.fixed_income.get_fixed_incomes_data | Excel sheet loaded | file=C:\Users\krm\PycharmProjects\AlternativeData\data_lake\fixed_income\South Korea\KOFR.xlsx | sheet=KOFR | rows=2083 | columns=6
2026-07-02 18:12:48 | INFO | src.jobs_xlsx.fixed_income.get_fixed_incomes_data | Parquet saved | output_path=C:\Users\krm\PycharmProjects\AlternativeData\data_warehouse\raw\fixed_income\fixed_income_index.parquet | rows=110619 | symbols=20
2026-07-03 23:34:44 | INFO | src.jobs_xlsx.fixed_income.get_fixed_incomes_data | Excel wide value loader started | config_path=config/fixed_income_jobs.yaml
2026-07-03 23:34:44 | INFO | src.jobs_xlsx.fixed_income.get_fixed_incomes_data | Loading Excel sheet | file=C:\Users\Geust\PycharmProjects\AlternativeData\data_lake\fixed_income\South Korea\BondMarket.xlsx | sheet=KRBONDS | exchange=KOFIA | country=South Korea
2026-07-03 23:34:46 | INFO | src.jobs_xlsx.fixed_income.get_fixed_incomes_data | Excel sheet loaded | file=C:\Users\Geust\PycharmProjects\AlternativeData\data_lake\fixed_income\South Korea\BondMarket.xlsx | sheet=KRBONDS | rows=8163 | columns=22
2026-07-03 23:34:46 | INFO | src.jobs_xlsx.fixed_income.get_fixed_incomes_data | Loading Excel sheet | file=C:\Users\Geust\PycharmProjects\AlternativeData\data_lake\fixed_income\South Korea\KOFR.xlsx | sheet=KOFR | exchange=KOFR | country=South Korea
2026-07-03 23:34:46 | INFO | src.jobs_xlsx.fixed_income.get_fixed_incomes_data | Excel sheet loaded | file=C:\Users\Geust\PycharmProjects\AlternativeData\data_lake\fixed_income\South Korea\KOFR.xlsx | sheet=KOFR | rows=2083 | columns=6
2026-07-03 23:34:46 | INFO | src.jobs_xlsx.fixed_income.get_fixed_incomes_data | Parquet saved | output_path=C:\Users\Geust\PycharmProjects\AlternativeData\data_warehouse\raw\fixed_income\fixed_income_index.parquet | rows=110619 | symbols=20
