2026-06-27 21:18:03 | INFO | src.jobs_xlsx.industry.get_industry_data | Excel industry data loader started | config_path=config/industry_jobs.yaml
2026-06-27 21:18:03 | INFO | src.jobs_xlsx.industry.get_industry_data | Loading Excel sheet | file=/Users/tommy/Desktop/Pycharm/FinancialData/data/industry/Energy/AAA Gasoline.xlsx | sheet=gasoline | exchange=AAA | country=United States
2026-06-27 21:18:04 | INFO | src.jobs_xlsx.industry.get_industry_data | Excel sheet loaded | file=/Users/tommy/Desktop/Pycharm/FinancialData/data/industry/Energy/AAA Gasoline.xlsx | sheet=gasoline | rows=7756 | columns=9
2026-06-27 21:18:04 | INFO | src.jobs_xlsx.industry.get_industry_data | Loading Excel sheet | file=/Users/tommy/Desktop/Pycharm/FinancialData/data/industry/Logistics/Logistic manager index.xlsx | sheet=LMI | exchange=CSCMP | country=United States
2026-06-27 21:18:04 | INFO | src.jobs_xlsx.industry.get_industry_data | Excel sheet loaded | file=/Users/tommy/Desktop/Pycharm/FinancialData/data/industry/Logistics/Logistic manager index.xlsx | sheet=LMI | rows=117 | columns=13
2026-06-27 21:20:34 | INFO | src.jobs_xlsx.industry.get_industry_data | Excel industry data loader started | config_path=config/industry_jobs.yaml
2026-06-27 21:20:34 | INFO | src.jobs_xlsx.industry.get_industry_data | Loading Excel sheet | file=/Users/tommy/Desktop/Pycharm/FinancialData/data/industry/Energy/AAA Gasoline.xlsx | sheet=gasoline | exchange=AAA | country=United States
2026-06-27 21:20:34 | INFO | src.jobs_xlsx.industry.get_industry_data | Excel sheet loaded | file=/Users/tommy/Desktop/Pycharm/FinancialData/data/industry/Energy/AAA Gasoline.xlsx | sheet=gasoline | rows=7756 | columns=9
2026-06-27 21:20:34 | INFO | src.jobs_xlsx.industry.get_industry_data | Loading Excel sheet | file=/Users/tommy/Desktop/Pycharm/FinancialData/data/industry/Logistics/Logistic manager index.xlsx | sheet=LMI | exchange=CSCMP | country=United States
2026-06-27 21:20:34 | INFO | src.jobs_xlsx.industry.get_industry_data | Excel sheet loaded | file=/Users/tommy/Desktop/Pycharm/FinancialData/data/industry/Logistics/Logistic manager index.xlsx | sheet=LMI | rows=117 | columns=13
2026-06-27 21:20:34 | INFO | src.jobs_xlsx.industry.get_industry_data | Loading Excel sheet | file=/Users/tommy/Desktop/Pycharm/FinancialData/data/industry/Logistics/Logistic manager index.xlsx | sheet=LMIFUTURES | exchange=CSCMP | country=United States
2026-06-27 21:20:34 | INFO | src.jobs_xlsx.industry.get_industry_data | Excel sheet loaded | file=/Users/tommy/Desktop/Pycharm/FinancialData/data/industry/Logistics/Logistic manager index.xlsx | sheet=LMIFUTURES | rows=93 | columns=13
2026-06-27 21:20:34 | INFO | src.jobs_xlsx.industry.get_industry_data | Loading Excel sheet | file=/Users/tommy/Desktop/Pycharm/FinancialData/data/industry/Real Estate/South Korea Apartment.xlsx | sheet=scaling | exchange=KB | country=South Korea
2026-06-27 21:20:34 | INFO | src.jobs_xlsx.industry.get_industry_data | Excel sheet loaded | file=/Users/tommy/Desktop/Pycharm/FinancialData/data/industry/Real Estate/South Korea Apartment.xlsx | sheet=scaling | rows=917 | columns=16
2026-06-27 21:20:34 | INFO | src.jobs_xlsx.industry.get_industry_data | Parquet saved | output_path=/Users/tommy/Desktop/Pycharm/FinancialData/data_lake/raw/industry/index/industry_data.parquet | rows=43664 | symbols=35
2026-06-27 21:36:18 | INFO | src.jobs_xlsx.industry.get_industry_data | Excel industry data loader started | config_path=config/industry_jobs.yaml
2026-06-27 21:36:18 | INFO | src.jobs_xlsx.industry.get_industry_data | Loading Excel sheet | file=/Users/tommy/Desktop/Pycharm/FinancialData/data/industry/Energy/AAA Gasoline.xlsx | sheet=gasoline | exchange=AAA | country=United States
2026-06-27 21:36:18 | INFO | src.jobs_xlsx.industry.get_industry_data | Excel sheet loaded | file=/Users/tommy/Desktop/Pycharm/FinancialData/data/industry/Energy/AAA Gasoline.xlsx | sheet=gasoline | rows=7756 | columns=9
2026-06-27 21:36:18 | INFO | src.jobs_xlsx.industry.get_industry_data | Loading Excel sheet | file=/Users/tommy/Desktop/Pycharm/FinancialData/data/industry/Logistics/Logistic manager index.xlsx | sheet=LMI | exchange=CSCMP | country=United States
2026-06-27 21:36:18 | INFO | src.jobs_xlsx.industry.get_industry_data | Excel sheet loaded | file=/Users/tommy/Desktop/Pycharm/FinancialData/data/industry/Logistics/Logistic manager index.xlsx | sheet=LMI | rows=117 | columns=13
2026-06-27 21:36:18 | INFO | src.jobs_xlsx.industry.get_industry_data | Loading Excel sheet | file=/Users/tommy/Desktop/Pycharm/FinancialData/data/industry/Logistics/Logistic manager index.xlsx | sheet=LMIFUTURES | exchange=CSCMP | country=United States
2026-06-27 21:36:18 | INFO | src.jobs_xlsx.industry.get_industry_data | Excel sheet loaded | file=/Users/tommy/Desktop/Pycharm/FinancialData/data/industry/Logistics/Logistic manager index.xlsx | sheet=LMIFUTURES | rows=93 | columns=13
2026-06-27 21:36:18 | INFO | src.jobs_xlsx.industry.get_industry_data | Loading Excel sheet | file=/Users/tommy/Desktop/Pycharm/FinancialData/data/industry/Real Estate/South Korea Apartment.xlsx | sheet=scaling | exchange=KB | country=South Korea
2026-06-27 21:36:18 | INFO | src.jobs_xlsx.industry.get_industry_data | Excel sheet loaded | file=/Users/tommy/Desktop/Pycharm/FinancialData/data/industry/Real Estate/South Korea Apartment.xlsx | sheet=scaling | rows=917 | columns=16
2026-06-27 21:36:18 | INFO | src.jobs_xlsx.industry.get_industry_data | Loading Excel sheet | file=/Users/tommy/Desktop/Pycharm/FinancialData/data/industry/Automobile/MUVVI.xlsx | sheet=MANHEIM | exchange=COXAUTONIC | country=South Korea
2026-06-27 21:36:18 | INFO | src.jobs_xlsx.industry.get_industry_data | Excel sheet loaded | file=/Users/tommy/Desktop/Pycharm/FinancialData/data/industry/Automobile/MUVVI.xlsx | sheet=MANHEIM | rows=353 | columns=11
2026-06-27 21:36:18 | INFO | src.jobs_xlsx.industry.get_industry_data | Parquet saved | output_path=/Users/tommy/Desktop/Pycharm/FinancialData/data_lake/raw/industry/index/industry_data.parquet | rows=45271 | symbols=42
2026-06-29 13:36:42 | INFO | src.jobs_xlsx.industry.get_industry_data | Excel industry data loader started | config_path=config/industry_jobs.yaml
2026-06-29 13:36:42 | INFO | src.jobs_xlsx.industry.get_industry_data | Loading Excel sheet | file=C:\Users\krm\PycharmProjects\AlternativeData\data\industry\Energy\AAA Gasoline.xlsx | sheet=gasoline | exchange=AAA | country=United States
2026-06-29 13:36:43 | INFO | src.jobs_xlsx.industry.get_industry_data | Excel sheet loaded | file=C:\Users\krm\PycharmProjects\AlternativeData\data\industry\Energy\AAA Gasoline.xlsx | sheet=gasoline | rows=7758 | columns=9
2026-06-29 13:36:43 | INFO | src.jobs_xlsx.industry.get_industry_data | Loading Excel sheet | file=C:\Users\krm\PycharmProjects\AlternativeData\data\industry\Logistics\Logistic manager index.xlsx | sheet=LMI | exchange=CSCMP | country=United States
2026-06-29 13:36:43 | INFO | src.jobs_xlsx.industry.get_industry_data | Excel sheet loaded | file=C:\Users\krm\PycharmProjects\AlternativeData\data\industry\Logistics\Logistic manager index.xlsx | sheet=LMI | rows=117 | columns=13
2026-06-29 13:36:43 | INFO | src.jobs_xlsx.industry.get_industry_data | Loading Excel sheet | file=C:\Users\krm\PycharmProjects\AlternativeData\data\industry\Logistics\Logistic manager index.xlsx | sheet=LMIFUTURES | exchange=CSCMP | country=United States
2026-06-29 13:36:43 | INFO | src.jobs_xlsx.industry.get_industry_data | Excel sheet loaded | file=C:\Users\krm\PycharmProjects\AlternativeData\data\industry\Logistics\Logistic manager index.xlsx | sheet=LMIFUTURES | rows=93 | columns=13
2026-06-29 13:36:43 | INFO | src.jobs_xlsx.industry.get_industry_data | Loading Excel sheet | file=C:\Users\krm\PycharmProjects\AlternativeData\data\industry\Real Estate\South Korea Apartment.xlsx | sheet=scaling | exchange=KB | country=South Korea
2026-06-29 13:36:43 | INFO | src.jobs_xlsx.industry.get_industry_data | Excel sheet loaded | file=C:\Users\krm\PycharmProjects\AlternativeData\data\industry\Real Estate\South Korea Apartment.xlsx | sheet=scaling | rows=917 | columns=16
2026-06-29 13:36:43 | INFO | src.jobs_xlsx.industry.get_industry_data | Loading Excel sheet | file=C:\Users\krm\PycharmProjects\AlternativeData\data\industry\Automobile\MUVVI.xlsx | sheet=MANHEIM | exchange=COXAUTONIC | country=South Korea
2026-06-29 13:36:43 | INFO | src.jobs_xlsx.industry.get_industry_data | Excel sheet loaded | file=C:\Users\krm\PycharmProjects\AlternativeData\data\industry\Automobile\MUVVI.xlsx | sheet=MANHEIM | rows=353 | columns=11
2026-06-29 13:36:43 | INFO | src.jobs_xlsx.industry.get_industry_data | Parquet saved | output_path=C:\Users\krm\PycharmProjects\AlternativeData\data_lake\raw\industry\index\industry_data.parquet | rows=45283 | symbols=42
2026-06-29 18:08:22 | INFO | src.jobs_xlsx.industry.get_industry_data | Excel industry data loader started | config_path=config/industry_jobs.yaml
2026-06-29 18:08:22 | INFO | src.jobs_xlsx.industry.get_industry_data | Loading Excel sheet | file=C:\Users\krm\PycharmProjects\AlternativeData\data\industry\Energy\AAA Gasoline.xlsx | sheet=gasoline | exchange=AAA | country=United States
2026-06-29 18:08:23 | INFO | src.jobs_xlsx.industry.get_industry_data | Excel sheet loaded | file=C:\Users\krm\PycharmProjects\AlternativeData\data\industry\Energy\AAA Gasoline.xlsx | sheet=gasoline | rows=7758 | columns=9
2026-06-29 18:08:23 | INFO | src.jobs_xlsx.industry.get_industry_data | Loading Excel sheet | file=C:\Users\krm\PycharmProjects\AlternativeData\data\industry\Logistics\Logistic manager index.xlsx | sheet=LMI | exchange=CSCMP | country=United States
2026-06-29 18:08:23 | INFO | src.jobs_xlsx.industry.get_industry_data | Excel sheet loaded | file=C:\Users\krm\PycharmProjects\AlternativeData\data\industry\Logistics\Logistic manager index.xlsx | sheet=LMI | rows=117 | columns=13
2026-06-29 18:08:23 | INFO | src.jobs_xlsx.industry.get_industry_data | Loading Excel sheet | file=C:\Users\krm\PycharmProjects\AlternativeData\data\industry\Logistics\Logistic manager index.xlsx | sheet=LMIFUTURES | exchange=CSCMP | country=United States
2026-06-29 18:08:23 | INFO | src.jobs_xlsx.industry.get_industry_data | Excel sheet loaded | file=C:\Users\krm\PycharmProjects\AlternativeData\data\industry\Logistics\Logistic manager index.xlsx | sheet=LMIFUTURES | rows=93 | columns=13
2026-06-29 18:08:23 | INFO | src.jobs_xlsx.industry.get_industry_data | Loading Excel sheet | file=C:\Users\krm\PycharmProjects\AlternativeData\data\industry\Real Estate\South Korea Apartment.xlsx | sheet=scaling | exchange=KB | country=South Korea
2026-06-29 18:08:23 | INFO | src.jobs_xlsx.industry.get_industry_data | Excel sheet loaded | file=C:\Users\krm\PycharmProjects\AlternativeData\data\industry\Real Estate\South Korea Apartment.xlsx | sheet=scaling | rows=917 | columns=16
2026-06-29 18:08:23 | INFO | src.jobs_xlsx.industry.get_industry_data | Loading Excel sheet | file=C:\Users\krm\PycharmProjects\AlternativeData\data\industry\Automobile\MUVVI.xlsx | sheet=MANHEIM | exchange=COXAUTONIC | country=South Korea
2026-06-29 18:08:23 | INFO | src.jobs_xlsx.industry.get_industry_data | Excel sheet loaded | file=C:\Users\krm\PycharmProjects\AlternativeData\data\industry\Automobile\MUVVI.xlsx | sheet=MANHEIM | rows=353 | columns=11
2026-06-29 18:08:23 | INFO | src.jobs_xlsx.industry.get_industry_data | Parquet saved | output_path=C:\Users\krm\PycharmProjects\AlternativeData\data_lake\raw\industry\index\industry_data.parquet | rows=45283 | symbols=42
2026-06-30 11:23:34 | INFO | src.jobs_xlsx.industry.get_industry_data | Excel industry data loader started | config_path=config/industry_jobs.yaml
2026-06-30 11:23:34 | INFO | src.jobs_xlsx.industry.get_industry_data | Loading Excel sheet | file=C:\Users\krm\PycharmProjects\AlternativeData\data\industry\Energy\AAA Gasoline.xlsx | sheet=gasoline | exchange=AAA | country=United States
2026-06-30 11:23:35 | INFO | src.jobs_xlsx.industry.get_industry_data | Excel sheet loaded | file=C:\Users\krm\PycharmProjects\AlternativeData\data\industry\Energy\AAA Gasoline.xlsx | sheet=gasoline | rows=7759 | columns=9
2026-06-30 11:23:35 | INFO | src.jobs_xlsx.industry.get_industry_data | Loading Excel sheet | file=C:\Users\krm\PycharmProjects\AlternativeData\data\industry\Logistics\Logistic manager index.xlsx | sheet=LMI | exchange=CSCMP | country=United States
2026-06-30 11:23:35 | INFO | src.jobs_xlsx.industry.get_industry_data | Excel sheet loaded | file=C:\Users\krm\PycharmProjects\AlternativeData\data\industry\Logistics\Logistic manager index.xlsx | sheet=LMI | rows=117 | columns=13
2026-06-30 11:23:35 | INFO | src.jobs_xlsx.industry.get_industry_data | Loading Excel sheet | file=C:\Users\krm\PycharmProjects\AlternativeData\data\industry\Logistics\Logistic manager index.xlsx | sheet=LMIFUTURES | exchange=CSCMP | country=United States
2026-06-30 11:23:35 | INFO | src.jobs_xlsx.industry.get_industry_data | Excel sheet loaded | file=C:\Users\krm\PycharmProjects\AlternativeData\data\industry\Logistics\Logistic manager index.xlsx | sheet=LMIFUTURES | rows=93 | columns=13
2026-06-30 11:23:35 | INFO | src.jobs_xlsx.industry.get_industry_data | Loading Excel sheet | file=C:\Users\krm\PycharmProjects\AlternativeData\data\industry\Real Estate\South Korea Apartment.xlsx | sheet=scaling | exchange=KB | country=South Korea
2026-06-30 11:23:36 | INFO | src.jobs_xlsx.industry.get_industry_data | Excel sheet loaded | file=C:\Users\krm\PycharmProjects\AlternativeData\data\industry\Real Estate\South Korea Apartment.xlsx | sheet=scaling | rows=917 | columns=16
2026-06-30 11:23:36 | INFO | src.jobs_xlsx.industry.get_industry_data | Loading Excel sheet | file=C:\Users\krm\PycharmProjects\AlternativeData\data\industry\Automobile\MUVVI.xlsx | sheet=MANHEIM | exchange=COXAUTONIC | country=South Korea
2026-06-30 11:23:36 | INFO | src.jobs_xlsx.industry.get_industry_data | Excel sheet loaded | file=C:\Users\krm\PycharmProjects\AlternativeData\data\industry\Automobile\MUVVI.xlsx | sheet=MANHEIM | rows=353 | columns=11
2026-06-30 11:23:36 | INFO | src.jobs_xlsx.industry.get_industry_data | Parquet saved | output_path=C:\Users\krm\PycharmProjects\AlternativeData\data_lake\raw\industry\index\industry_data.parquet | rows=45289 | symbols=42
2026-07-02 01:42:57 | INFO | src.jobs_xlsx.industry.get_industry_data | Excel industry data loader started | config_path=config/industry_jobs.yaml
2026-07-02 01:42:57 | INFO | src.jobs_xlsx.industry.get_industry_data | Loading Excel sheet | file=C:\Users\Geust\PycharmProjects\AlternativeData\data\industry\Energy\AAA Gasoline.xlsx | sheet=gasoline | exchange=AAA | country=United States
2026-07-02 01:42:57 | INFO | src.jobs_xlsx.industry.get_industry_data | Excel sheet loaded | file=C:\Users\Geust\PycharmProjects\AlternativeData\data\industry\Energy\AAA Gasoline.xlsx | sheet=gasoline | rows=7761 | columns=9
2026-07-02 01:42:57 | INFO | src.jobs_xlsx.industry.get_industry_data | Loading Excel sheet | file=C:\Users\Geust\PycharmProjects\AlternativeData\data\industry\Logistics\Logistic manager index.xlsx | sheet=LMI | exchange=CSCMP | country=United States
2026-07-02 01:42:58 | INFO | src.jobs_xlsx.industry.get_industry_data | Excel sheet loaded | file=C:\Users\Geust\PycharmProjects\AlternativeData\data\industry\Logistics\Logistic manager index.xlsx | sheet=LMI | rows=117 | columns=13
2026-07-02 01:42:58 | INFO | src.jobs_xlsx.industry.get_industry_data | Loading Excel sheet | file=C:\Users\Geust\PycharmProjects\AlternativeData\data\industry\Logistics\Logistic manager index.xlsx | sheet=LMIFUTURES | exchange=CSCMP | country=United States
2026-07-02 01:42:58 | INFO | src.jobs_xlsx.industry.get_industry_data | Excel sheet loaded | file=C:\Users\Geust\PycharmProjects\AlternativeData\data\industry\Logistics\Logistic manager index.xlsx | sheet=LMIFUTURES | rows=93 | columns=13
2026-07-02 01:42:58 | INFO | src.jobs_xlsx.industry.get_industry_data | Loading Excel sheet | file=C:\Users\Geust\PycharmProjects\AlternativeData\data\industry\Real Estate\South Korea Apartment.xlsx | sheet=scaling | exchange=KB | country=South Korea
2026-07-02 01:42:58 | INFO | src.jobs_xlsx.industry.get_industry_data | Excel sheet loaded | file=C:\Users\Geust\PycharmProjects\AlternativeData\data\industry\Real Estate\South Korea Apartment.xlsx | sheet=scaling | rows=917 | columns=16
2026-07-02 01:42:58 | INFO | src.jobs_xlsx.industry.get_industry_data | Loading Excel sheet | file=C:\Users\Geust\PycharmProjects\AlternativeData\data\industry\Automobile\MUVVI.xlsx | sheet=MANHEIM | exchange=COXAUTONIC | country=South Korea
2026-07-02 01:42:58 | INFO | src.jobs_xlsx.industry.get_industry_data | Excel sheet loaded | file=C:\Users\Geust\PycharmProjects\AlternativeData\data\industry\Automobile\MUVVI.xlsx | sheet=MANHEIM | rows=353 | columns=11
2026-07-02 01:42:58 | INFO | src.jobs_xlsx.industry.get_industry_data | Parquet saved | output_path=C:\Users\Geust\PycharmProjects\AlternativeData\data_lake\raw\industry\index\industry_data.parquet | rows=45301 | symbols=42
2026-07-02 18:02:17 | INFO | src.jobs_xlsx.industry.get_industry_data | Excel industry data loader started | config_path=config/industry_jobs.yaml
2026-07-02 18:02:17 | INFO | src.jobs_xlsx.industry.get_industry_data | Loading Excel sheet | file=C:\Users\krm\PycharmProjects\AlternativeData\data\industry\Energy\AAA Gasoline.xlsx | sheet=gasoline | exchange=AAA | country=United States
2026-07-02 18:02:18 | INFO | src.jobs_xlsx.industry.get_industry_data | Excel sheet loaded | file=C:\Users\krm\PycharmProjects\AlternativeData\data\industry\Energy\AAA Gasoline.xlsx | sheet=gasoline | rows=7761 | columns=9
2026-07-02 18:02:18 | INFO | src.jobs_xlsx.industry.get_industry_data | Loading Excel sheet | file=C:\Users\krm\PycharmProjects\AlternativeData\data\industry\Logistics\Logistic manager index.xlsx | sheet=LMI | exchange=CSCMP | country=United States
2026-07-02 18:02:18 | INFO | src.jobs_xlsx.industry.get_industry_data | Excel sheet loaded | file=C:\Users\krm\PycharmProjects\AlternativeData\data\industry\Logistics\Logistic manager index.xlsx | sheet=LMI | rows=117 | columns=13
2026-07-02 18:02:18 | INFO | src.jobs_xlsx.industry.get_industry_data | Loading Excel sheet | file=C:\Users\krm\PycharmProjects\AlternativeData\data\industry\Logistics\Logistic manager index.xlsx | sheet=LMIFUTURES | exchange=CSCMP | country=United States
2026-07-02 18:02:18 | INFO | src.jobs_xlsx.industry.get_industry_data | Excel sheet loaded | file=C:\Users\krm\PycharmProjects\AlternativeData\data\industry\Logistics\Logistic manager index.xlsx | sheet=LMIFUTURES | rows=93 | columns=13
2026-07-02 18:02:18 | INFO | src.jobs_xlsx.industry.get_industry_data | Loading Excel sheet | file=C:\Users\krm\PycharmProjects\AlternativeData\data\industry\Real Estate\South Korea Apartment.xlsx | sheet=scaling | exchange=KB | country=South Korea
2026-07-02 18:02:18 | INFO | src.jobs_xlsx.industry.get_industry_data | Excel sheet loaded | file=C:\Users\krm\PycharmProjects\AlternativeData\data\industry\Real Estate\South Korea Apartment.xlsx | sheet=scaling | rows=917 | columns=16
2026-07-02 18:02:18 | INFO | src.jobs_xlsx.industry.get_industry_data | Loading Excel sheet | file=C:\Users\krm\PycharmProjects\AlternativeData\data\industry\Automobile\MUVVI.xlsx | sheet=MANHEIM | exchange=COXAUTONIC | country=South Korea
2026-07-02 18:02:18 | INFO | src.jobs_xlsx.industry.get_industry_data | Excel sheet loaded | file=C:\Users\krm\PycharmProjects\AlternativeData\data\industry\Automobile\MUVVI.xlsx | sheet=MANHEIM | rows=353 | columns=11
2026-07-02 18:02:18 | INFO | src.jobs_xlsx.industry.get_industry_data | Parquet saved | output_path=C:\Users\krm\PycharmProjects\AlternativeData\data_warehouse\raw\industry\index\industry_data.parquet | rows=45301 | symbols=42
2026-07-02 18:12:44 | INFO | src.jobs_xlsx.industry.get_industry_data | Excel industry data_lake loader started | config_path=config/industry_jobs.yaml
2026-07-02 18:12:44 | INFO | src.jobs_xlsx.industry.get_industry_data | Loading Excel sheet | file=C:\Users\krm\PycharmProjects\AlternativeData\data_lake\industry\Energy\AAA Gasoline.xlsx | sheet=gasoline | exchange=AAA | country=United States
2026-07-02 18:12:44 | INFO | src.jobs_xlsx.industry.get_industry_data | Excel sheet loaded | file=C:\Users\krm\PycharmProjects\AlternativeData\data_lake\industry\Energy\AAA Gasoline.xlsx | sheet=gasoline | rows=7761 | columns=9
2026-07-02 18:12:44 | INFO | src.jobs_xlsx.industry.get_industry_data | Loading Excel sheet | file=C:\Users\krm\PycharmProjects\AlternativeData\data_lake\industry\Logistics\Logistic manager index.xlsx | sheet=LMI | exchange=CSCMP | country=United States
2026-07-02 18:12:44 | INFO | src.jobs_xlsx.industry.get_industry_data | Excel sheet loaded | file=C:\Users\krm\PycharmProjects\AlternativeData\data_lake\industry\Logistics\Logistic manager index.xlsx | sheet=LMI | rows=117 | columns=13
2026-07-02 18:12:44 | INFO | src.jobs_xlsx.industry.get_industry_data | Loading Excel sheet | file=C:\Users\krm\PycharmProjects\AlternativeData\data_lake\industry\Logistics\Logistic manager index.xlsx | sheet=LMIFUTURES | exchange=CSCMP | country=United States
2026-07-02 18:12:44 | INFO | src.jobs_xlsx.industry.get_industry_data | Excel sheet loaded | file=C:\Users\krm\PycharmProjects\AlternativeData\data_lake\industry\Logistics\Logistic manager index.xlsx | sheet=LMIFUTURES | rows=93 | columns=13
2026-07-02 18:12:44 | INFO | src.jobs_xlsx.industry.get_industry_data | Loading Excel sheet | file=C:\Users\krm\PycharmProjects\AlternativeData\data_lake\industry\Real Estate\South Korea Apartment.xlsx | sheet=scaling | exchange=KB | country=South Korea
2026-07-02 18:12:44 | INFO | src.jobs_xlsx.industry.get_industry_data | Excel sheet loaded | file=C:\Users\krm\PycharmProjects\AlternativeData\data_lake\industry\Real Estate\South Korea Apartment.xlsx | sheet=scaling | rows=917 | columns=16
2026-07-02 18:12:44 | INFO | src.jobs_xlsx.industry.get_industry_data | Loading Excel sheet | file=C:\Users\krm\PycharmProjects\AlternativeData\data_lake\industry\Automobile\MUVVI.xlsx | sheet=MANHEIM | exchange=COXAUTONIC | country=South Korea
2026-07-02 18:12:44 | INFO | src.jobs_xlsx.industry.get_industry_data | Excel sheet loaded | file=C:\Users\krm\PycharmProjects\AlternativeData\data_lake\industry\Automobile\MUVVI.xlsx | sheet=MANHEIM | rows=353 | columns=11
2026-07-02 18:12:44 | INFO | src.jobs_xlsx.industry.get_industry_data | Parquet saved | output_path=C:\Users\krm\PycharmProjects\AlternativeData\data_warehouse\raw\industry\index\industry_data.parquet | rows=45301 | symbols=42
2026-07-03 23:34:36 | INFO | src.jobs_xlsx.industry.get_industry_data | Excel industry data_lake loader started | config_path=config/industry_jobs.yaml
2026-07-03 23:34:36 | INFO | src.jobs_xlsx.industry.get_industry_data | Loading Excel sheet | file=C:\Users\Geust\PycharmProjects\AlternativeData\data_lake\industry\Energy\AAA Gasoline.xlsx | sheet=gasoline | exchange=AAA | country=United States
2026-07-03 23:34:37 | INFO | src.jobs_xlsx.industry.get_industry_data | Excel sheet loaded | file=C:\Users\Geust\PycharmProjects\AlternativeData\data_lake\industry\Energy\AAA Gasoline.xlsx | sheet=gasoline | rows=7762 | columns=9
2026-07-03 23:34:37 | INFO | src.jobs_xlsx.industry.get_industry_data | Loading Excel sheet | file=C:\Users\Geust\PycharmProjects\AlternativeData\data_lake\industry\Logistics\Logistic manager index.xlsx | sheet=LMI | exchange=CSCMP | country=United States
2026-07-03 23:34:37 | INFO | src.jobs_xlsx.industry.get_industry_data | Excel sheet loaded | file=C:\Users\Geust\PycharmProjects\AlternativeData\data_lake\industry\Logistics\Logistic manager index.xlsx | sheet=LMI | rows=117 | columns=13
2026-07-03 23:34:37 | INFO | src.jobs_xlsx.industry.get_industry_data | Loading Excel sheet | file=C:\Users\Geust\PycharmProjects\AlternativeData\data_lake\industry\Logistics\Logistic manager index.xlsx | sheet=LMIFUTURES | exchange=CSCMP | country=United States
2026-07-03 23:34:37 | INFO | src.jobs_xlsx.industry.get_industry_data | Excel sheet loaded | file=C:\Users\Geust\PycharmProjects\AlternativeData\data_lake\industry\Logistics\Logistic manager index.xlsx | sheet=LMIFUTURES | rows=93 | columns=13
2026-07-03 23:34:37 | INFO | src.jobs_xlsx.industry.get_industry_data | Loading Excel sheet | file=C:\Users\Geust\PycharmProjects\AlternativeData\data_lake\industry\Real Estate\South Korea Apartment.xlsx | sheet=scaling | exchange=KB | country=South Korea
2026-07-03 23:34:38 | INFO | src.jobs_xlsx.industry.get_industry_data | Excel sheet loaded | file=C:\Users\Geust\PycharmProjects\AlternativeData\data_lake\industry\Real Estate\South Korea Apartment.xlsx | sheet=scaling | rows=917 | columns=16
2026-07-03 23:34:38 | INFO | src.jobs_xlsx.industry.get_industry_data | Loading Excel sheet | file=C:\Users\Geust\PycharmProjects\AlternativeData\data_lake\industry\Automobile\MUVVI.xlsx | sheet=MANHEIM | exchange=COXAUTONIC | country=South Korea
2026-07-03 23:34:38 | INFO | src.jobs_xlsx.industry.get_industry_data | Excel sheet loaded | file=C:\Users\Geust\PycharmProjects\AlternativeData\data_lake\industry\Automobile\MUVVI.xlsx | sheet=MANHEIM | rows=353 | columns=11
2026-07-03 23:34:38 | INFO | src.jobs_xlsx.industry.get_industry_data | Parquet saved | output_path=C:\Users\Geust\PycharmProjects\AlternativeData\data_warehouse\raw\industry\index\industry_data.parquet | rows=45307 | symbols=42
2026-07-07 01:07:00 | INFO | src.jobs_xlsx.industry.get_industry_data | Excel industry data_lake loader started | config_path=config/industry_jobs.yaml
2026-07-07 01:07:00 | INFO | src.jobs_xlsx.industry.get_industry_data | Loading Excel sheet | file=/Users/tommy/Desktop/Pycharm/FinancialData/data_lake/industry/Energy/AAA Gasoline.xlsx | sheet=gasoline | exchange=AAA | country=United States
2026-07-07 01:07:01 | INFO | src.jobs_xlsx.industry.get_industry_data | Excel sheet loaded | file=/Users/tommy/Desktop/Pycharm/FinancialData/data_lake/industry/Energy/AAA Gasoline.xlsx | sheet=gasoline | rows=7766 | columns=9
2026-07-07 01:07:01 | INFO | src.jobs_xlsx.industry.get_industry_data | Loading Excel sheet | file=/Users/tommy/Desktop/Pycharm/FinancialData/data_lake/industry/Logistics/Logistic manager index.xlsx | sheet=LMI | exchange=CSCMP | country=United States
2026-07-07 01:07:01 | INFO | src.jobs_xlsx.industry.get_industry_data | Excel sheet loaded | file=/Users/tommy/Desktop/Pycharm/FinancialData/data_lake/industry/Logistics/Logistic manager index.xlsx | sheet=LMI | rows=118 | columns=13
2026-07-07 01:07:01 | INFO | src.jobs_xlsx.industry.get_industry_data | Loading Excel sheet | file=/Users/tommy/Desktop/Pycharm/FinancialData/data_lake/industry/Logistics/Logistic manager index.xlsx | sheet=LMIFUTURES | exchange=CSCMP | country=United States
2026-07-07 01:07:01 | INFO | src.jobs_xlsx.industry.get_industry_data | Excel sheet loaded | file=/Users/tommy/Desktop/Pycharm/FinancialData/data_lake/industry/Logistics/Logistic manager index.xlsx | sheet=LMIFUTURES | rows=94 | columns=13
2026-07-07 01:07:01 | INFO | src.jobs_xlsx.industry.get_industry_data | Loading Excel sheet | file=/Users/tommy/Desktop/Pycharm/FinancialData/data_lake/industry/Real Estate/South Korea Apartment.xlsx | sheet=scaling | exchange=KB | country=South Korea
2026-07-07 01:07:01 | INFO | src.jobs_xlsx.industry.get_industry_data | Excel sheet loaded | file=/Users/tommy/Desktop/Pycharm/FinancialData/data_lake/industry/Real Estate/South Korea Apartment.xlsx | sheet=scaling | rows=917 | columns=16
2026-07-07 01:07:01 | INFO | src.jobs_xlsx.industry.get_industry_data | Loading Excel sheet | file=/Users/tommy/Desktop/Pycharm/FinancialData/data_lake/industry/Automobile/MUVVI.xlsx | sheet=MANHEIM | exchange=COXAUTONIC | country=South Korea
2026-07-07 01:07:01 | INFO | src.jobs_xlsx.industry.get_industry_data | Excel sheet loaded | file=/Users/tommy/Desktop/Pycharm/FinancialData/data_lake/industry/Automobile/MUVVI.xlsx | sheet=MANHEIM | rows=353 | columns=11
2026-07-07 01:07:01 | INFO | src.jobs_xlsx.industry.get_industry_data | Parquet saved | output_path=/Users/tommy/Desktop/Pycharm/FinancialData/data_warehouse/raw/industry/index/industry_data.parquet | rows=45331 | symbols=42
2026-07-07 15:32:59 | INFO | src.jobs_xlsx.industry.get_industry_data | Excel industry data_lake loader started | config_path=config/industry_jobs.yaml
2026-07-07 15:32:59 | INFO | src.jobs_xlsx.industry.get_industry_data | Loading Excel sheet | file=C:\Users\krm\PycharmProjects\AlternativeData\data_lake\industry\Energy\AAA Gasoline.xlsx | sheet=gasoline | exchange=AAA | country=United States
2026-07-07 15:33:01 | INFO | src.jobs_xlsx.industry.get_industry_data | Excel sheet loaded | file=C:\Users\krm\PycharmProjects\AlternativeData\data_lake\industry\Energy\AAA Gasoline.xlsx | sheet=gasoline | rows=7766 | columns=9
2026-07-07 15:33:01 | INFO | src.jobs_xlsx.industry.get_industry_data | Loading Excel sheet | file=C:\Users\krm\PycharmProjects\AlternativeData\data_lake\industry\Logistics\Logistic manager index.xlsx | sheet=LMI | exchange=CSCMP | country=United States
2026-07-07 15:33:01 | INFO | src.jobs_xlsx.industry.get_industry_data | Excel sheet loaded | file=C:\Users\krm\PycharmProjects\AlternativeData\data_lake\industry\Logistics\Logistic manager index.xlsx | sheet=LMI | rows=118 | columns=13
2026-07-07 15:33:02 | INFO | src.jobs_xlsx.industry.get_industry_data | Loading Excel sheet | file=C:\Users\krm\PycharmProjects\AlternativeData\data_lake\industry\Logistics\Logistic manager index.xlsx | sheet=LMIFUTURES | exchange=CSCMP | country=United States
2026-07-07 15:33:02 | INFO | src.jobs_xlsx.industry.get_industry_data | Excel sheet loaded | file=C:\Users\krm\PycharmProjects\AlternativeData\data_lake\industry\Logistics\Logistic manager index.xlsx | sheet=LMIFUTURES | rows=94 | columns=13
2026-07-07 15:33:02 | INFO | src.jobs_xlsx.industry.get_industry_data | Loading Excel sheet | file=C:\Users\krm\PycharmProjects\AlternativeData\data_lake\industry\Real Estate\South Korea Apartment.xlsx | sheet=scaling | exchange=KB | country=South Korea
2026-07-07 15:33:02 | INFO | src.jobs_xlsx.industry.get_industry_data | Excel sheet loaded | file=C:\Users\krm\PycharmProjects\AlternativeData\data_lake\industry\Real Estate\South Korea Apartment.xlsx | sheet=scaling | rows=917 | columns=16
2026-07-07 15:33:02 | INFO | src.jobs_xlsx.industry.get_industry_data | Loading Excel sheet | file=C:\Users\krm\PycharmProjects\AlternativeData\data_lake\industry\Automobile\MUVVI.xlsx | sheet=MANHEIM | exchange=COXAUTONIC | country=South Korea
2026-07-07 15:33:02 | INFO | src.jobs_xlsx.industry.get_industry_data | Excel sheet loaded | file=C:\Users\krm\PycharmProjects\AlternativeData\data_lake\industry\Automobile\MUVVI.xlsx | sheet=MANHEIM | rows=353 | columns=11
2026-07-07 15:33:03 | INFO | src.jobs_xlsx.industry.get_industry_data | Parquet saved | output_path=C:\Users\krm\PycharmProjects\AlternativeData\data_warehouse\raw\industry\index\industry_data.parquet | rows=45331 | symbols=42
2026-07-16 14:25:59 | INFO | src.jobs_xlsx.industry.get_industry_data | Excel industry data_lake loader started | config_path=config/industry_jobs.yaml
2026-07-16 14:25:59 | INFO | src.jobs_xlsx.industry.get_industry_data | Loading Excel sheet | file=C:\Users\krm\PycharmProjects\AlternativeData\data_lake\industry\Energy\AAA Gasoline.xlsx | sheet=gasoline | exchange=AAA | country=United States
2026-07-16 14:25:59 | INFO | src.jobs_xlsx.industry.get_industry_data | Excel sheet loaded | file=C:\Users\krm\PycharmProjects\AlternativeData\data_lake\industry\Energy\AAA Gasoline.xlsx | sheet=gasoline | rows=7775 | columns=9
2026-07-16 14:26:00 | INFO | src.jobs_xlsx.industry.get_industry_data | Loading Excel sheet | file=C:\Users\krm\PycharmProjects\AlternativeData\data_lake\industry\Logistics\Logistic manager index.xlsx | sheet=LMI | exchange=CSCMP | country=United States
2026-07-16 14:26:00 | INFO | src.jobs_xlsx.industry.get_industry_data | Excel sheet loaded | file=C:\Users\krm\PycharmProjects\AlternativeData\data_lake\industry\Logistics\Logistic manager index.xlsx | sheet=LMI | rows=118 | columns=13
2026-07-16 14:26:00 | INFO | src.jobs_xlsx.industry.get_industry_data | Loading Excel sheet | file=C:\Users\krm\PycharmProjects\AlternativeData\data_lake\industry\Logistics\Logistic manager index.xlsx | sheet=LMIFUTURES | exchange=CSCMP | country=United States
2026-07-16 14:26:00 | INFO | src.jobs_xlsx.industry.get_industry_data | Excel sheet loaded | file=C:\Users\krm\PycharmProjects\AlternativeData\data_lake\industry\Logistics\Logistic manager index.xlsx | sheet=LMIFUTURES | rows=94 | columns=13
2026-07-16 14:26:00 | INFO | src.jobs_xlsx.industry.get_industry_data | Loading Excel sheet | file=C:\Users\krm\PycharmProjects\AlternativeData\data_lake\industry\Real Estate\South Korea Apartment.xlsx | sheet=scaling | exchange=KB | country=South Korea
2026-07-16 14:26:00 | INFO | src.jobs_xlsx.industry.get_industry_data | Excel sheet loaded | file=C:\Users\krm\PycharmProjects\AlternativeData\data_lake\industry\Real Estate\South Korea Apartment.xlsx | sheet=scaling | rows=917 | columns=16
2026-07-16 14:26:00 | INFO | src.jobs_xlsx.industry.get_industry_data | Loading Excel sheet | file=C:\Users\krm\PycharmProjects\AlternativeData\data_lake\industry\Automobile\MUVVI.xlsx | sheet=MANHEIM | exchange=COXAUTONIC | country=South Korea
2026-07-16 14:26:00 | INFO | src.jobs_xlsx.industry.get_industry_data | Excel sheet loaded | file=C:\Users\krm\PycharmProjects\AlternativeData\data_lake\industry\Automobile\MUVVI.xlsx | sheet=MANHEIM | rows=354 | columns=11
2026-07-16 14:26:00 | INFO | src.jobs_xlsx.industry.get_industry_data | Parquet saved | output_path=C:\Users\krm\PycharmProjects\AlternativeData\data_warehouse\raw\industry\index\industry_data.parquet | rows=45410 | symbols=42
2026-07-19 03:13:53 | INFO | src.jobs_xlsx.industry.get_industry_data | Excel industry data_lake loader started | config_path=config/industry_jobs.yaml
2026-07-19 03:13:53 | INFO | src.jobs_xlsx.industry.get_industry_data | Loading Excel sheet | file=/Users/tommy/Desktop/Pycharm/FinancialData/data_lake/industry/Energy/AAA Gasoline.xlsx | sheet=gasoline | exchange=AAA | country=United States
2026-07-19 03:13:53 | INFO | src.jobs_xlsx.industry.get_industry_data | Excel sheet loaded | file=/Users/tommy/Desktop/Pycharm/FinancialData/data_lake/industry/Energy/AAA Gasoline.xlsx | sheet=gasoline | rows=7778 | columns=9
2026-07-19 03:13:53 | INFO | src.jobs_xlsx.industry.get_industry_data | Loading Excel sheet | file=/Users/tommy/Desktop/Pycharm/FinancialData/data_lake/industry/Logistics/Logistic manager index.xlsx | sheet=LMI | exchange=CSCMP | country=United States
2026-07-19 03:13:54 | INFO | src.jobs_xlsx.industry.get_industry_data | Excel sheet loaded | file=/Users/tommy/Desktop/Pycharm/FinancialData/data_lake/industry/Logistics/Logistic manager index.xlsx | sheet=LMI | rows=118 | columns=13
2026-07-19 03:13:54 | INFO | src.jobs_xlsx.industry.get_industry_data | Loading Excel sheet | file=/Users/tommy/Desktop/Pycharm/FinancialData/data_lake/industry/Logistics/Logistic manager index.xlsx | sheet=LMIFUTURES | exchange=CSCMP | country=United States
2026-07-19 03:13:54 | INFO | src.jobs_xlsx.industry.get_industry_data | Excel sheet loaded | file=/Users/tommy/Desktop/Pycharm/FinancialData/data_lake/industry/Logistics/Logistic manager index.xlsx | sheet=LMIFUTURES | rows=94 | columns=13
2026-07-19 03:13:54 | INFO | src.jobs_xlsx.industry.get_industry_data | Loading Excel sheet | file=/Users/tommy/Desktop/Pycharm/FinancialData/data_lake/industry/Real Estate/South Korea Apartment.xlsx | sheet=scaling | exchange=KB | country=South Korea
2026-07-19 03:13:55 | INFO | src.jobs_xlsx.industry.get_industry_data | Excel sheet loaded | file=/Users/tommy/Desktop/Pycharm/FinancialData/data_lake/industry/Real Estate/South Korea Apartment.xlsx | sheet=scaling | rows=917 | columns=16
2026-07-19 03:13:55 | INFO | src.jobs_xlsx.industry.get_industry_data | Loading Excel sheet | file=/Users/tommy/Desktop/Pycharm/FinancialData/data_lake/industry/Automobile/MUVVI.xlsx | sheet=MANHEIM | exchange=COXAUTONIC | country=South Korea
2026-07-19 03:13:57 | INFO | src.jobs_xlsx.industry.get_industry_data | Excel sheet loaded | file=/Users/tommy/Desktop/Pycharm/FinancialData/data_lake/industry/Automobile/MUVVI.xlsx | sheet=MANHEIM | rows=354 | columns=11
2026-07-19 03:13:59 | INFO | src.jobs_xlsx.industry.get_industry_data | Parquet saved | output_path=/Users/tommy/Desktop/Pycharm/FinancialData/data_warehouse/raw/industry/index/industry_data.parquet | rows=45428 | symbols=42
