2026-09-11 02:09:13 | INFO | __main__ | Market index Excel job started | config=/Users/junghunlee/Desktop/Pycharm/FinancialData/config/market_index_jobs.yaml
2026-09-11 02:09:13 | INFO | __main__ | Market index source loaded | file=/Users/junghunlee/Desktop/Pycharm/FinancialData/data_lake/Index/MSCIACWI.xlsx | sheet=MSCIACWI | symbol=ACWI | rows=10123
2026-09-11 02:09:14 | INFO | __main__ | Market index source loaded | file=/Users/junghunlee/Desktop/Pycharm/FinancialData/data_lake/Index/MSCIACWI.xlsx | sheet=MSACWIXUSA | symbol=MSACWIXUSA | rows=8391
2026-09-11 02:09:14 | INFO | __main__ | Market index source loaded | file=/Users/junghunlee/Desktop/Pycharm/FinancialData/data_lake/Index/MSCIACWI.xlsx | sheet=MSACWIXUSANet | symbol=MSACWIXUSANET | rows=3290
2026-09-11 02:09:14 | INFO | __main__ | Market index source loaded | file=/Users/junghunlee/Desktop/Pycharm/FinancialData/data_lake/Index/MSCIACWI.xlsx | sheet=MSCIEM | symbol=MXEF | rows=3814
2026-09-11 02:09:14 | INFO | __main__ | Market index source loaded | file=/Users/junghunlee/Desktop/Pycharm/FinancialData/data_lake/Index/Bond Index.xlsx | sheet=Index | symbol=LEGATRUU | rows=7176
2026-09-11 02:09:14 | INFO | __main__ | Market index source loaded | file=/Users/junghunlee/Desktop/Pycharm/FinancialData/data_lake/Index/Bond Index.xlsx | sheet=Index | symbol=LEGATRUH | rows=334
2026-09-11 02:09:14 | INFO | __main__ | Market index Parquet saved | output=/Users/junghunlee/Desktop/Pycharm/FinancialData/data_warehouse/raw/index/msci_index.parquet | rows=33128 | symbols=6
2026-09-11 02:10:35 | INFO | __main__ | Market index Excel job started | config=/Users/junghunlee/Desktop/Pycharm/FinancialData/config/market_index_jobs.yaml
2026-09-11 02:10:35 | INFO | __main__ | Market index source loaded | file=/Users/junghunlee/Desktop/Pycharm/FinancialData/data_lake/Index/MSCIACWI.xlsx | sheet=MSCIACWI | symbol=ACWI | rows=10123
2026-09-11 02:10:36 | INFO | __main__ | Market index source loaded | file=/Users/junghunlee/Desktop/Pycharm/FinancialData/data_lake/Index/MSCIACWI.xlsx | sheet=MSACWIXUSA | symbol=MSACWIXUSA | rows=8391
2026-09-11 02:10:36 | INFO | __main__ | Market index source loaded | file=/Users/junghunlee/Desktop/Pycharm/FinancialData/data_lake/Index/MSCIACWI.xlsx | sheet=MSACWIXUSANet | symbol=MSACWIXUSANET | rows=3290
2026-09-11 02:10:36 | INFO | __main__ | Market index source loaded | file=/Users/junghunlee/Desktop/Pycharm/FinancialData/data_lake/Index/MSCIACWI.xlsx | sheet=MSCIEM | symbol=MXEF | rows=3814
2026-09-11 02:10:36 | INFO | __main__ | Market index source loaded | file=/Users/junghunlee/Desktop/Pycharm/FinancialData/data_lake/Index/Bond Index.xlsx | sheet=Index | symbol=LEGATRUU | rows=7176
2026-09-11 02:10:36 | INFO | __main__ | Market index source loaded | file=/Users/junghunlee/Desktop/Pycharm/FinancialData/data_lake/Index/Bond Index.xlsx | sheet=Index | symbol=LEGATRUH | rows=334
2026-09-11 02:10:36 | INFO | __main__ | Market index Parquet saved | output=/Users/junghunlee/Desktop/Pycharm/FinancialData/data_warehouse/raw/index/msci_index.parquet | rows=33128 | symbols=6
2026-09-11 02:28:30 | INFO | __main__ | Market index Excel job started | config=/Users/junghunlee/Desktop/Pycharm/FinancialData/config/market_index_jobs.yaml
2026-09-11 02:28:31 | INFO | __main__ | Market index source loaded | file=/Users/junghunlee/Desktop/Pycharm/FinancialData/data_lake/Index/MSCIACWI.xlsx | sheet=MSCIACWI | symbol=ACWI | rows=10123
2026-09-11 02:28:32 | INFO | __main__ | Market index source loaded | file=/Users/junghunlee/Desktop/Pycharm/FinancialData/data_lake/Index/MSCIACWI.xlsx | sheet=MSACWIXUSA | symbol=MSACWIXUSA | rows=8391
2026-09-11 02:28:32 | INFO | __main__ | Market index source loaded | file=/Users/junghunlee/Desktop/Pycharm/FinancialData/data_lake/Index/MSCIACWI.xlsx | sheet=MSACWIXUSANet | symbol=MSACWIXUSANET | rows=3290
2026-09-11 02:28:32 | INFO | __main__ | Market index source loaded | file=/Users/junghunlee/Desktop/Pycharm/FinancialData/data_lake/Index/MSCIACWI.xlsx | sheet=MSCIEM | symbol=MXEF | rows=3814
2026-09-11 02:28:32 | INFO | __main__ | Market index Parquet saved | output=/Users/junghunlee/Desktop/Pycharm/FinancialData/data_warehouse/raw/index/msci_index.parquet | rows=25618 | symbols=4
2026-09-11 02:42:07 | INFO | src.jobs_xlsx.market.get_market_index_data | Market index Excel job started | config=/Users/junghunlee/Desktop/Pycharm/FinancialData/config/market_index_jobs.yaml
2026-09-11 02:42:07 | INFO | src.jobs_xlsx.market.get_market_index_data | Market index source loaded | file=/Users/junghunlee/Desktop/Pycharm/FinancialData/data_lake/Index/MSCIACWI.xlsx | sheet=MSCIACWI | symbol=ACWI | rows=10123
2026-09-11 02:42:08 | INFO | src.jobs_xlsx.market.get_market_index_data | Market index source loaded | file=/Users/junghunlee/Desktop/Pycharm/FinancialData/data_lake/Index/MSCIACWI.xlsx | sheet=MSACWIXUSA | symbol=MSACWIXUSA | rows=8391
2026-09-11 02:42:08 | INFO | src.jobs_xlsx.market.get_market_index_data | Market index source loaded | file=/Users/junghunlee/Desktop/Pycharm/FinancialData/data_lake/Index/MSCIACWI.xlsx | sheet=MSACWIXUSANet | symbol=MSACWIXUSANET | rows=3290
2026-09-11 02:42:08 | INFO | src.jobs_xlsx.market.get_market_index_data | Market index source loaded | file=/Users/junghunlee/Desktop/Pycharm/FinancialData/data_lake/Index/MSCIACWI.xlsx | sheet=MSCIEM | symbol=MXEF | rows=3814
2026-09-11 02:42:08 | INFO | src.jobs_xlsx.market.get_market_index_data | Market index Parquet saved | output=/Users/junghunlee/Desktop/Pycharm/FinancialData/data_warehouse/raw/index/msci_index.parquet | rows=25618 | symbols=4
