2026-06-15 17:43:28 | INFO | yfinance_index_job | Starting download yfinance index data.
2026-06-15 17:43:28 | INFO | yfinance_index_job | yfinance index metadata loaded | symbols=16
2026-06-15 17:43:28 | INFO | yfinance_index_job | yfinance index download target prepared | tickers=16
2026-06-15 17:43:28 | INFO | yfinance_index_job | yfinance download started | tickers=16
2026-06-15 17:43:35 | INFO | yfinance_index_job | yfinance download completed | rows=25232 | columns=80
2026-06-15 17:43:37 | INFO | yfinance_index_job | All yfinance index data has been downloaded | output_path=data_lake\raw\index\yfinance_index.parquet | rows=157295 | symbols=16
2026-06-16 10:45:55 | INFO | yfinance_index_job | Starting download yfinance index data.
2026-06-16 10:45:56 | INFO | yfinance_index_job | yfinance index metadata loaded | symbols=16
2026-06-16 10:45:56 | INFO | yfinance_index_job | yfinance index download target prepared | tickers=16
2026-06-16 10:45:56 | INFO | yfinance_index_job | yfinance download started | tickers=16
2026-06-16 10:46:06 | INFO | yfinance_index_job | yfinance download completed | rows=25233 | columns=80
2026-06-16 10:46:11 | INFO | yfinance_index_job | All yfinance index data has been downloaded | output_path=data_lake\raw\index\yfinance_index.parquet | rows=157310 | symbols=16
2026-06-16 11:01:07 | INFO | yfinance_index_job | Starting download yfinance index data.
2026-06-16 11:01:07 | INFO | yfinance_index_job | yfinance index metadata loaded | symbols=16
2026-06-16 11:01:07 | INFO | yfinance_index_job | yfinance index download target prepared | tickers=16
2026-06-16 11:01:07 | INFO | yfinance_index_job | yfinance download started | tickers=16
2026-06-16 11:01:10 | INFO | yfinance_index_job | yfinance download completed | rows=25233 | columns=80
2026-06-16 11:01:11 | INFO | yfinance_index_job | All yfinance index data has been downloaded | output_path=data_lake\raw\index\yfinance_index.parquet | rows=157310 | symbols=16
2026-06-17 10:37:30 | INFO | yfinance_index_job | Starting download yfinance index data.
2026-06-17 10:37:30 | INFO | yfinance_index_job | yfinance index metadata loaded | symbols=16
2026-06-17 10:37:30 | INFO | yfinance_index_job | yfinance index download target prepared | tickers=16
2026-06-17 10:37:30 | INFO | yfinance_index_job | yfinance download started | tickers=16
2026-06-17 10:37:38 | INFO | yfinance_index_job | yfinance download completed | rows=25234 | columns=80
2026-06-17 10:37:41 | INFO | yfinance_index_job | All yfinance index data has been downloaded | output_path=data_lake\raw\index\yfinance_index.parquet | rows=157317 | symbols=16
2026-06-18 17:13:41 | INFO | yfinance_index_job | Starting download yfinance index data.
2026-06-18 17:13:42 | INFO | yfinance_index_job | yfinance index metadata loaded | symbols=16
2026-06-18 17:13:42 | INFO | yfinance_index_job | yfinance index download target prepared | tickers=16
2026-06-18 17:13:42 | INFO | yfinance_index_job | yfinance download started | tickers=16
2026-06-18 17:13:50 | INFO | yfinance_index_job | yfinance download completed | rows=25235 | columns=80
2026-06-18 17:13:53 | INFO | yfinance_index_job | All yfinance index data has been downloaded | output_path=data_lake\raw\index\yfinance_index.parquet | rows=157323 | symbols=16
2026-06-19 14:03:26 | INFO | yfinance_index_job | Starting download yfinance index data.
2026-06-19 14:03:26 | INFO | yfinance_index_job | yfinance index metadata loaded | symbols=16
2026-06-19 14:03:26 | INFO | yfinance_index_job | yfinance index download target prepared | tickers=16
2026-06-19 14:03:26 | INFO | yfinance_index_job | yfinance download started | tickers=16
2026-06-19 14:03:32 | INFO | yfinance_index_job | yfinance download completed | rows=25236 | columns=80
2026-06-19 14:03:34 | INFO | yfinance_index_job | All yfinance index data has been downloaded | output_path=data_lake\raw\index\yfinance_index.parquet | rows=157329 | symbols=16
2026-06-24 14:31:22 | INFO | yfinance_index_job | Starting download yfinance index data.
2026-06-24 14:31:22 | INFO | yfinance_index_job | yfinance index metadata loaded | symbols=16
2026-06-24 14:31:22 | INFO | yfinance_index_job | yfinance index download target prepared | tickers=16
2026-06-24 14:31:22 | INFO | yfinance_index_job | yfinance download started | tickers=16
2026-06-24 14:31:29 | INFO | yfinance_index_job | yfinance download completed | rows=25239 | columns=80
2026-06-24 14:31:31 | INFO | yfinance_index_job | All yfinance index data has been downloaded | output_path=data_lake\raw\index\yfinance_index.parquet | rows=157382 | symbols=16
2026-06-24 14:52:48 | INFO | yfinance_index_job | Starting download yfinance index data.
2026-06-24 14:52:48 | INFO | yfinance_index_job | yfinance index metadata loaded | symbols=16
2026-06-24 14:52:48 | INFO | yfinance_index_job | yfinance index download target prepared | tickers=16
2026-06-24 14:52:48 | INFO | yfinance_index_job | yfinance download started | tickers=16
2026-06-24 14:52:50 | INFO | yfinance_index_job | yfinance download completed | rows=25239 | columns=80
2026-06-24 14:52:52 | INFO | yfinance_index_job | All yfinance index data has been downloaded | output_path=data_lake\raw\index\yfinance_index.parquet | rows=157382 | symbols=16
2026-06-27 11:19:27 | INFO | yfinance_index_job | Starting download yfinance index data.
2026-06-27 11:19:27 | INFO | yfinance_index_job | yfinance index metadata loaded | symbols=16
2026-06-27 11:19:27 | INFO | yfinance_index_job | yfinance index download target prepared | tickers=16
2026-06-27 11:19:27 | INFO | yfinance_index_job | yfinance download started | tickers=16
2026-06-27 11:19:31 | INFO | yfinance_index_job | yfinance download completed | rows=25241 | columns=80
2026-06-27 11:19:34 | INFO | yfinance_index_job | All yfinance index data has been downloaded | output_path=data_lake\raw\index\yfinance_index.parquet | rows=157399 | symbols=16
2026-06-27 15:20:30 | INFO | yfinance_index_job | Starting download yfinance index data.
2026-06-27 15:20:30 | INFO | yfinance_index_job | yfinance index metadata loaded | symbols=16
2026-06-27 15:20:30 | INFO | yfinance_index_job | yfinance index download target prepared | tickers=16
2026-06-27 15:20:30 | INFO | yfinance_index_job | yfinance download started | tickers=16
2026-06-27 15:20:33 | INFO | yfinance_index_job | yfinance download completed | rows=25241 | columns=80
2026-06-27 15:20:35 | INFO | yfinance_index_job | All yfinance index data has been downloaded | output_path=data_lake/raw/index/yfinance_index.parquet | rows=149063 | symbols=15
2026-06-29 18:06:37 | INFO | yfinance_index_job | Starting download yfinance index data.
2026-06-29 18:06:37 | INFO | yfinance_index_job | yfinance index metadata loaded | symbols=16
2026-06-29 18:06:37 | INFO | yfinance_index_job | yfinance index download target prepared | tickers=16
2026-06-29 18:06:37 | INFO | yfinance_index_job | yfinance download started | tickers=16
2026-06-29 18:06:42 | INFO | yfinance_index_job | yfinance download completed | rows=25242 | columns=80
2026-06-29 18:06:44 | INFO | yfinance_index_job | All yfinance index data has been downloaded | output_path=data_lake\raw\index\yfinance_index.parquet | rows=157440 | symbols=16
2026-06-30 11:16:57 | INFO | yfinance_index_job | Starting download yfinance index data.
2026-06-30 11:16:57 | INFO | yfinance_index_job | yfinance index metadata loaded | symbols=16
2026-06-30 11:16:57 | INFO | yfinance_index_job | yfinance index download target prepared | tickers=16
2026-06-30 11:16:57 | INFO | yfinance_index_job | yfinance download started | tickers=16
2026-06-30 11:17:05 | INFO | yfinance_index_job | yfinance download completed | rows=25243 | columns=80
2026-06-30 11:17:09 | INFO | yfinance_index_job | All yfinance index data has been downloaded | output_path=data_lake\raw\index\yfinance_index.parquet | rows=157456 | symbols=16
2026-06-30 11:21:48 | INFO | yfinance_index_job | Starting download yfinance index data.
2026-06-30 11:21:48 | INFO | yfinance_index_job | yfinance index metadata loaded | symbols=16
2026-06-30 11:21:48 | INFO | yfinance_index_job | yfinance index download target prepared | tickers=16
2026-06-30 11:21:48 | INFO | yfinance_index_job | yfinance download started | tickers=16
2026-06-30 11:21:50 | INFO | yfinance_index_job | yfinance download completed | rows=25243 | columns=80
2026-06-30 11:21:53 | INFO | yfinance_index_job | All yfinance index data has been downloaded | output_path=data_lake\raw\index\yfinance_index.parquet | rows=157456 | symbols=16
2026-07-02 01:41:32 | INFO | yfinance_index_job | Starting download yfinance index data.
2026-07-02 01:41:33 | INFO | yfinance_index_job | yfinance index metadata loaded | symbols=16
2026-07-02 01:41:33 | INFO | yfinance_index_job | yfinance index download target prepared | tickers=16
2026-07-02 01:41:33 | INFO | yfinance_index_job | yfinance download started | tickers=16
2026-07-02 01:41:35 | INFO | yfinance_index_job | yfinance download completed | rows=25244 | columns=80
2026-07-02 01:41:38 | INFO | yfinance_index_job | All yfinance index data has been downloaded | output_path=data_lake\raw\index\yfinance_index.parquet | rows=157467 | symbols=16
2026-07-02 18:10:55 | INFO | yfinance_index_job | Starting download yfinance index data_lake.
2026-07-02 18:10:56 | INFO | yfinance_index_job | yfinance index metadata loaded | symbols=16
2026-07-02 18:10:56 | INFO | yfinance_index_job | yfinance index download target prepared | tickers=16
2026-07-02 18:10:56 | INFO | yfinance_index_job | yfinance download started | tickers=16
2026-07-02 18:11:02 | INFO | yfinance_index_job | yfinance download completed | rows=25245 | columns=80
2026-07-02 18:11:03 | INFO | yfinance_index_job | All yfinance index data_lake has been downloaded | output_path=data_warehouse\raw\index\yfinance_index.parquet | rows=157468 | symbols=16
2026-07-03 23:31:30 | INFO | yfinance_index_job | Starting download yfinance index data_lake.
2026-07-03 23:31:30 | INFO | yfinance_index_job | yfinance index metadata loaded | symbols=16
2026-07-03 23:31:30 | INFO | yfinance_index_job | yfinance index download target prepared | tickers=16
2026-07-03 23:31:30 | INFO | yfinance_index_job | yfinance download started | tickers=16
2026-07-03 23:31:33 | INFO | yfinance_index_job | yfinance download completed | rows=25246 | columns=80
2026-07-03 23:31:36 | INFO | yfinance_index_job | All yfinance index data_lake has been downloaded | output_path=data_warehouse\raw\index\yfinance_index.parquet | rows=157474 | symbols=16
2026-07-07 01:06:20 | INFO | yfinance_index_job | Starting download yfinance index data_lake.
2026-07-07 01:06:20 | INFO | yfinance_index_job | yfinance index metadata loaded | symbols=16
2026-07-07 01:06:20 | INFO | yfinance_index_job | yfinance index download target prepared | tickers=16
2026-07-07 01:06:20 | INFO | yfinance_index_job | yfinance download started | tickers=16
2026-07-07 01:06:22 | INFO | yfinance_index_job | yfinance download completed | rows=25247 | columns=80
2026-07-07 01:06:23 | INFO | yfinance_index_job | All yfinance index data_lake has been downloaded | output_path=data_warehouse/raw/index/yfinance_index.parquet | rows=157520 | symbols=16
2026-07-07 15:30:23 | INFO | yfinance_index_job | Starting download yfinance index data_lake.
2026-07-07 15:30:23 | INFO | yfinance_index_job | yfinance index metadata loaded | symbols=16
2026-07-07 15:30:23 | INFO | yfinance_index_job | yfinance index download target prepared | tickers=16
2026-07-07 15:30:23 | INFO | yfinance_index_job | yfinance download started | tickers=16
2026-07-07 15:30:31 | INFO | yfinance_index_job | yfinance download completed | rows=25248 | columns=80
2026-07-07 15:30:34 | INFO | yfinance_index_job | All yfinance index data_lake has been downloaded | output_path=data_warehouse\raw\index\yfinance_index.parquet | rows=157521 | symbols=16
2026-07-16 14:24:07 | INFO | yfinance_index_job | Starting download yfinance index data_lake.
2026-07-16 14:24:07 | INFO | yfinance_index_job | yfinance index metadata loaded | symbols=16
2026-07-16 14:24:07 | INFO | yfinance_index_job | yfinance index download target prepared | tickers=16
2026-07-16 14:24:07 | INFO | yfinance_index_job | yfinance download started | tickers=16
2026-07-16 14:24:15 | INFO | yfinance_index_job | yfinance download completed | rows=25255 | columns=80
2026-07-16 14:24:18 | INFO | yfinance_index_job | All yfinance index data_lake has been downloaded | output_path=data_warehouse\raw\index\yfinance_index.parquet | rows=157613 | symbols=16
2026-07-19 03:11:24 | INFO | yfinance_index_job | Starting download yfinance index data_lake.
2026-07-19 03:11:24 | INFO | yfinance_index_job | yfinance index metadata loaded | symbols=16
2026-07-19 03:11:24 | INFO | yfinance_index_job | yfinance index download target prepared | tickers=16
2026-07-19 03:11:24 | INFO | yfinance_index_job | yfinance download started | tickers=16
2026-07-19 03:11:26 | INFO | yfinance_index_job | yfinance download completed | rows=25256 | columns=80
2026-07-19 03:11:32 | INFO | yfinance_index_job | All yfinance index data_lake has been downloaded | output_path=data_warehouse/raw/index/yfinance_index.parquet | rows=157624 | symbols=16
2026-07-22 10:46:32 | INFO | yfinance_index_job | Starting download yfinance index data_lake.
2026-07-22 10:46:32 | INFO | yfinance_index_job | yfinance index metadata loaded | symbols=16
2026-07-22 10:46:32 | INFO | yfinance_index_job | yfinance index download target prepared | tickers=16
2026-07-22 10:46:32 | INFO | yfinance_index_job | yfinance download started | tickers=16
2026-07-22 10:46:38 | INFO | yfinance_index_job | yfinance download completed | rows=25259 | columns=80
2026-07-22 10:46:43 | INFO | yfinance_index_job | All yfinance index data_lake has been downloaded | output_path=data_warehouse\raw\index\yfinance_index.parquet | rows=157686 | symbols=16
2026-07-23 01:46:34 | INFO | yfinance_index_job | Starting download yfinance index data_lake.
2026-07-23 01:46:34 | INFO | yfinance_index_job | yfinance index metadata loaded | symbols=16
2026-07-23 01:46:34 | INFO | yfinance_index_job | yfinance index download target prepared | tickers=16
2026-07-23 01:46:34 | INFO | yfinance_index_job | yfinance download started | tickers=16
2026-07-23 01:46:37 | INFO | yfinance_index_job | yfinance download completed | rows=25259 | columns=80
2026-07-23 01:46:38 | INFO | yfinance_index_job | All yfinance index data_lake has been downloaded | output_path=data_warehouse/raw/index/yfinance_index.parquet | rows=157691 | symbols=16
2026-07-23 15:04:50 | INFO | yfinance_index_job | Starting download yfinance index data_lake.
2026-07-23 15:04:50 | INFO | yfinance_index_job | yfinance index metadata loaded | symbols=16
2026-07-23 15:04:50 | INFO | yfinance_index_job | yfinance index download target prepared | tickers=16
2026-07-23 15:04:50 | INFO | yfinance_index_job | yfinance download started | tickers=16
2026-07-23 15:04:57 | INFO | yfinance_index_job | yfinance download completed | rows=25260 | columns=80
2026-07-23 15:04:59 | INFO | yfinance_index_job | All yfinance index data_lake has been downloaded | output_path=data_warehouse\raw\index\yfinance_index.parquet | rows=157692 | symbols=16
2026-07-23 15:11:29 | INFO | yfinance_index_job | Starting download yfinance index data_lake.
2026-07-23 15:11:29 | INFO | yfinance_index_job | yfinance index metadata loaded | symbols=16
2026-07-23 15:11:29 | INFO | yfinance_index_job | yfinance index download target prepared | tickers=16
2026-07-23 15:11:29 | INFO | yfinance_index_job | yfinance download started | tickers=16
2026-07-23 15:11:40 | INFO | yfinance_index_job | yfinance download completed | rows=25260 | columns=80
2026-07-23 15:11:44 | INFO | yfinance_index_job | All yfinance index data_lake has been downloaded | output_path=data_warehouse\raw\index\yfinance_index.parquet | rows=157692 | symbols=16
